<html>
<body>
<pre>
<h1>µVision Build Log</h1>
<h2>Tool Versions:</h2>
IDE-Version: ¦ÌVision V5.28.0.0
Copyright (C) 2019 ARM Ltd and ARM Germany GmbH. All rights reserved.
License Information: - --, -, LIC=TIVHL-0FSE5-CWT2K-ZMLKH-UZXP9-FSWGU
 
Tool Versions:
Toolchain:       MDK-ARM Plus  Version: 5.28.0.0
Toolchain Path:  D:\Program Files (x86)\Keil\ARM\ARMCC\Bin
C Compiler:      Armcc.exe V5.06 update 6 (build 750)
Assembler:       Armasm.exe V5.06 update 6 (build 750)
Linker/Locator:  ArmLink.exe V5.06 update 6 (build 750)
Library Manager: ArmAr.exe V5.06 update 6 (build 750)
Hex Converter:   FromElf.exe V5.06 update 6 (build 750)
CPU DLL:         SARMCM3.DLL V5.28.0.0
Dialog DLL:      DCM.DLL V1.17.3.0
Target DLL:      Segger\JL2CM3.dll V2.99.36.0
Dialog DLL:      TCM.DLL V1.36.2.0
 
<h2>Project:</h2>
C:\Users\Ez\Documents\king_kong\KINGKONG_KP_PS_OS_A01\MDK-ARM\KINGKONG_KP_PS_A01.uvprojx
Project File Date:  05/10/2020

<h2>Output:</h2>
*** Using Compiler 'V5.06 update 6 (build 750)', folder: 'D:\Program Files (x86)\Keil\ARM\ARMCC\Bin'
*** Warning: You are compiling one or more files of source type C++ and have selected 'use MicroLIB'. MicroLIB does not support C++!
  
Build target 'KINGKONG_KP_PS_A01'
linking...
Program Size: Code=23824 RO-data=1716 RW-data=1180 ZI-data=19820  
FromELF: creating hex file...
After Build - User command #1: D:\Program Files (x86)\Keil_v5\ARM\ARMCC\bin\fromelf.exe --bin -o ./bin/STM32F103_512K_APP_new.bin ./KINGKONG_KP_PS_A01/KINGKONG_KP_PS_A01.axf
*** Error: CreateProcess failed, Command: 'D:\Program Files (x86)\Keil_v5\ARM\ARMCC\bin\fromelf.exe --bin -o ./bin/STM32F103_512K_APP_new.bin ./KINGKONG_KP_PS_A01/KINGKONG_KP_PS_A01.axf'
".\KINGKONG_KP_PS_A01\KINGKONG_KP_PS_A01.axf" - 1 Error(s), 0 Warning(s).

<h2>Software Packages used:</h2>

Package Vendor: ARM
                http://www.keil.com/pack/ARM.CMSIS.5.5.1.pack
                ARM.CMSIS.5.5.1
                CMSIS (Cortex Microcontroller Software Interface Standard)
   * Component: CORE Version: 5.2.0

Package Vendor: Keil
                http://www.keil.com/pack/Keil.STM32F1xx_DFP.2.2.0.pack
                Keil.STM32F1xx_DFP.2.2.0
                STMicroelectronics STM32F1 Series Device Support, Drivers and Examples

<h2>Collection of Component include folders:</h2>
  .\RTE\_KINGKONG_KP_PS_A01
  D:\Program Files (x86)\Keil\ARM\PACK\ARM\CMSIS\5.5.1\CMSIS\Core\Include
  D:\Program Files (x86)\Keil\ARM\PACK\Keil\STM32F1xx_DFP\2.2.0\Device\Include

<h2>Collection of Component Files used:</h2>

   * Component: ARM::CMSIS:CORE:5.2.0
Target not created.
Build Time Elapsed:  00:00:01
</pre>
</body>
</html>
