Component: ARM Compiler 5.06 update 6 (build 750) Tool: armlink [4d35ed]

==============================================================================

Section Cross References

    system_stm32f1xx.o(i.SystemCoreClockUpdate) refers to system_stm32f1xx.o(.data) for .data
    system_stm32f1xx.o(i.SystemCoreClockUpdate) refers to system_stm32f1xx.o(.constdata) for .constdata
    task_uart.o(i.UART_IdleRxCallback) refers to usart.o(.bss) for huart1
    task_uart.o(i.UART_IdleRxCallback) refers to task_uart.o(.data) for .data
    task_uart.o(i.receive_data_handel) refers to strncasecmp.o(.text) for strncasecmp
    task_uart.o(i.receive_data_handel) refers to bsp_uart.o(i.UART_Printf) for UART_Printf
    task_uart.o(i.receive_data_handel) refers to bsp_kingkong.o(i.output_config) for output_config
    task_uart.o(i.receive_data_handel) refers to bsp_kingkong.o(i.v_in_get) for v_in_get
    task_uart.o(i.receive_data_handel) refers to f2d.o(.text) for __aeabi_f2d
    task_uart.o(i.receive_data_handel) refers to fmul.o(.text) for __aeabi_fmul
    task_uart.o(i.receive_data_handel) refers to round.o(i.round) for round
    task_uart.o(i.receive_data_handel) refers to ddiv.o(.text) for __aeabi_ddiv
    task_uart.o(i.receive_data_handel) refers to bsp_kingkong.o(i.v_out_get) for v_out_get
    task_uart.o(i.receive_data_handel) refers to bsp_kingkong.o(i.cur_out_get) for cur_out_get
    task_uart.o(i.receive_data_handel) refers to bsp_kingkong.o(i.temperature_get) for temperature_get
    task_uart.o(i.receive_data_handel) refers to bsp_kingkong.o(i.force_config_read) for force_config_read
    task_uart.o(i.receive_data_handel) refers to bsp_kingkong.o(i.force_get) for force_get
    task_uart.o(i.receive_data_handel) refers to atof.o(i.atof) for atof
    task_uart.o(i.receive_data_handel) refers to d2f.o(.text) for __aeabi_d2f
    task_uart.o(i.receive_data_handel) refers to bsp_kingkong.o(i.vol_set) for vol_set
    task_uart.o(i.receive_data_handel) refers to bsp_kingkong.o(i.force_set) for force_set
    task_uart.o(i.receive_data_handel) refers to lib_cali.o(i.cali_read) for cali_read
    task_uart.o(i.receive_data_handel) refers to lib_cali.o(i.cali_write) for cali_write
    task_uart.o(i.receive_data_handel) refers to stm32f1xx_hal.o(i.HAL_Delay) for HAL_Delay
    task_uart.o(i.receive_data_handel) refers to bsp_kingkong.o(i.mcu_soft_start) for mcu_soft_start
    task_uart.o(i.receive_data_handel) refers to stm32f1xx_hal_cortex.o(i.HAL_NVIC_DisableIRQ) for HAL_NVIC_DisableIRQ
    task_uart.o(i.receive_data_handel) refers to stm32f1xx_hal_cortex.o(i.HAL_NVIC_SystemReset) for HAL_NVIC_SystemReset
    task_uart.o(i.receive_data_handel) refers to bsp_kingkong.o(i.ps_error_read) for ps_error_read
    task_uart.o(i.receive_data_handel) refers to bsp_uart.o(.data) for arrUPPER_COM_RX_STA
    task_uart.o(i.receive_data_handel) refers to bsp_uart.o(.bss) for arrUPPER_COM_Buf
    task_uart.o(i.receive_data_handel) refers to app_debug.o(.data) for vout_debug_flag_g
    task_uart.o(i.receive_data_handel) refers to usart.o(.bss) for huart1
    task_uart.o(i.receive_data_handel) refers to bsp_kingkong.o(.data) for g_current_zero_drift
    task_uart.o(i.receive_data_handel) refers to task_uart.o(.data) for .data
    task_uart.o(.data) refers to task_uart.o(.conststring) for .conststring
    app_test_procedure.o(i.InitTask) refers to app_debug.o(i.uartTaskThreadCreate) for uartTaskThreadCreate
    app_test_procedure.o(i.InitTask) refers to app_debug.o(i.iwdgTaskThreadCreate) for iwdgTaskThreadCreate
    app_test_procedure.o(i.InitTask) refers to app_debug.o(i.psTaskThreadCreate) for psTaskThreadCreate
    app_test_procedure.o(i.InitTask) refers to tasks.o(i.vTaskDelete) for vTaskDelete
    app_test_procedure.o(i.InitTask) refers to app_test_procedure.o(.data) for .data
    app_test_procedure.o(i.initTaskThreadCreate) refers to memcpya.o(.text) for __aeabi_memcpy4
    app_test_procedure.o(i.initTaskThreadCreate) refers to cmsis_os.o(i.osThreadCreate) for osThreadCreate
    app_test_procedure.o(i.initTaskThreadCreate) refers to app_test_procedure.o(.constdata) for .constdata
    app_test_procedure.o(i.initTaskThreadCreate) refers to app_test_procedure.o(.data) for .data
    app_test_procedure.o(.constdata) refers to app_test_procedure.o(.conststring) for .conststring
    app_test_procedure.o(.constdata) refers to app_test_procedure.o(i.InitTask) for InitTask
    app_debug.o(i.iwdgTaskThreadCreate) refers to memcpya.o(.text) for __aeabi_memcpy4
    app_debug.o(i.iwdgTaskThreadCreate) refers to cmsis_os.o(i.osThreadCreate) for osThreadCreate
    app_debug.o(i.iwdgTaskThreadCreate) refers to app_debug.o(.constdata) for .constdata
    app_debug.o(i.iwdgTaskThreadCreate) refers to app_debug.o(.data) for .data
    app_debug.o(i.iwdg_task) refers to stm32f1xx_hal_gpio.o(i.HAL_GPIO_TogglePin) for HAL_GPIO_TogglePin
    app_debug.o(i.iwdg_task) refers to tasks.o(i.xTaskGetTickCount) for xTaskGetTickCount
[...]
    i.UART_Printf                            0x080031a8   Section        0  bsp_uart.o(i.UART_Printf)
    i.UART_SetConfig                         0x080031ec   Section        0  stm32f1xx_hal_uart.o(i.UART_SetConfig)
    UART_SetConfig                           0x080031ed   Thumb Code   364  stm32f1xx_hal_uart.o(i.UART_SetConfig)
    i.UART_WaitOnFlagUntilTimeout            0x0800335c   Section        0  stm32f1xx_hal_uart.o(i.UART_WaitOnFlagUntilTimeout)
    UART_WaitOnFlagUntilTimeout              0x0800335d   Thumb Code   100  stm32f1xx_hal_uart.o(i.UART_WaitOnFlagUntilTimeout)
    i.USART1_IRQHandler                      0x080033c0   Section        0  bsp_uart.o(i.USART1_IRQHandler)
    i.UsageFault_Handler                     0x0800342c   Section        0  stm32f1xx_it.o(i.UsageFault_Handler)
    i.__0vsprintf                            0x08003430   Section        0  printfa.o(i.__0vsprintf)
    i.__read_errno                           0x08003454   Section        0  errno.o(i.__read_errno)
    i.__scatterload_copy                     0x08003460   Section       14  handlers.o(i.__scatterload_copy)
    i.__scatterload_null                     0x0800346e   Section        2  handlers.o(i.__scatterload_null)
    i.__scatterload_zeroinit                 0x08003470   Section       14  handlers.o(i.__scatterload_zeroinit)
    i.__set_errno                            0x08003480   Section        0  errno.o(i.__set_errno)
    i._fp_digits                             0x0800348c   Section        0  printfa.o(i._fp_digits)
    _fp_digits                               0x0800348d   Thumb Code   366  printfa.o(i._fp_digits)
    i._is_digit                              0x08003610   Section        0  scanf_fp.o(i._is_digit)
    i._printf_core                           0x08003620   Section        0  printfa.o(i._printf_core)
    _printf_core                             0x08003621   Thumb Code  1744  printfa.o(i._printf_core)
    i._printf_post_padding                   0x08003cfc   Section        0  printfa.o(i._printf_post_padding)
    _printf_post_padding                     0x08003cfd   Thumb Code    36  printfa.o(i._printf_post_padding)
    i._printf_pre_padding                    0x08003d20   Section        0  printfa.o(i._printf_pre_padding)
    _printf_pre_padding                      0x08003d21   Thumb Code    46  printfa.o(i._printf_pre_padding)
    i._sputc                                 0x08003d4e   Section        0  printfa.o(i._sputc)
    _sputc                                   0x08003d4f   Thumb Code    10  printfa.o(i._sputc)
    i.ad5683r_init                           0x08003d58   Section        0  bsp_ad5683r.o(i.ad5683r_init)
    i.ad5683r_set_volt                       0x08003d60   Section        0  bsp_ad5683r.o(i.ad5683r_set_volt)
    i.atof                                   0x08003dc4   Section        0  atof.o(i.atof)
    i.cali_init                              0x08003df0   Section        0  lib_cali.o(i.cali_init)
    i.cali_read                              0x08003f60   Section        0  lib_cali.o(i.cali_read)
    i.cali_write                             0x080041bc   Section        0  lib_cali.o(i.cali_write)
    i.cur_out_get                            0x080045ec   Section        0  bsp_kingkong.o(i.cur_out_get)
    i.force_config_read                      0x08004628   Section        0  bsp_kingkong.o(i.force_config_read)
    i.force_get                              0x0800462a   Section        0  bsp_kingkong.o(i.force_get)
    i.force_set                              0x0800462c   Section        0  bsp_kingkong.o(i.force_set)
    i.hardware_init                          0x08004658   Section        0  bsp_kingkong.o(i.hardware_init)
    i.initTaskThreadCreate                   0x08004798   Section        0  app_test_procedure.o(i.initTaskThreadCreate)
    i.internal_dac_vol_set                   0x080047c4   Section        0  bsp_kingkong.o(i.internal_dac_vol_set)
    i.iwdgTaskThreadCreate                   0x080047f0   Section        0  app_debug.o(i.iwdgTaskThreadCreate)
    i.iwdg_task                              0x0800481c   Section        0  app_debug.o(i.iwdg_task)
    i.main                                   0x08004878   Section        0  main.o(i.main)
    i.makeFreeRtosPriority                   0x080048b6   Section        0  cmsis_os.o(i.makeFreeRtosPriority)
    makeFreeRtosPriority                     0x080048b7   Thumb Code    12  cmsis_os.o(i.makeFreeRtosPriority)
    i.mcu_soft_start                         0x080048c2   Section        0  bsp_kingkong.o(i.mcu_soft_start)
    i.osDelay                                0x080048d8   Section        0  cmsis_os.o(i.osDelay)
    i.osDelayUntil                           0x080048e6   Section        0  cmsis_os.o(i.osDelayUntil)
    i.osKernelStart                          0x080048f4   Section        0  cmsis_os.o(i.osKernelStart)
    i.osThreadCreate                         0x080048fe   Section        0  cmsis_os.o(i.osThreadCreate)
    i.output_config                          0x0800492c   Section        0  bsp_kingkong.o(i.output_config)
    i.prvAddCurrentTaskToDelayedList         0x08004968   Section        0  tasks.o(i.prvAddCurrentTaskToDelayedList)
    prvAddCurrentTaskToDelayedList           0x08004969   Thumb Code   102  tasks.o(i.prvAddCurrentTaskToDelayedList)
    i.prvAddNewTaskToReadyList               0x080049d8   Section        0  tasks.o(i.prvAddNewTaskToReadyList)
    prvAddNewTaskToReadyList                 0x080049d9   Thumb Code   194  tasks.o(i.prvAddNewTaskToReadyList)
    i.prvCheckTasksWaitingTermination        0x08004aa8   Section        0  tasks.o(i.prvCheckTasksWaitingTermination)
    prvCheckTasksWaitingTermination          0x08004aa9   Thumb Code    70  tasks.o(i.prvCheckTasksWaitingTermination)
    i.prvDeleteTCB                           0x08004af8   Section        0  tasks.o(i.prvDeleteTCB)
    prvDeleteTCB                             0x08004af9   Thumb Code    20  tasks.o(i.prvDeleteTCB)
    i.prvHeapInit                            0x08004b0c   Section        0  heap_4.o(i.prvHeapInit)
    prvHeapInit                              0x08004b0d   Thumb Code    66  heap_4.o(i.prvHeapInit)
    i.prvIdleTask                            0x08004b58   Section        0  tasks.o(i.prvIdleTask)
    prvIdleTask                              0x08004b59   Thumb Code    30  tasks.o(i.prvIdleTask)
    i.prvInitialiseNewTask                   0x08004b80   Section        0  tasks.o(i.prvInitialiseNewTask)
    prvInitialiseNewTask                     0x08004b81   Thumb Code   142  tasks.o(i.prvInitialiseNewTask)
    i.prvInsertBlockIntoFreeList             0x08004c10   Section        0  heap_4.o(i.prvInsertBlockIntoFreeList)
    prvInsertBlockIntoFreeList               0x08004c11   Thumb Code    72  heap_4.o(i.prvInsertBlockIntoFreeList)
    i.prvResetNextTaskUnblockTime            0x08004c5c   Section        0  tasks.o(i.prvResetNextTaskUnblockTime)
    prvResetNextTaskUnblockTime              0x08004c5d   Thumb Code    26  tasks.o(i.prvResetNextTaskUnblockTime)
    i.prvTaskExitError                       0x08004c7c   Section        0  port.o(i.prvTaskExitError)
    prvTaskExitError                         0x08004c7d   Thumb Code    36  port.o(i.prvTaskExitError)
    i.psTaskThreadCreate                     0x08004ca4   Section        0  app_debug.o(i.psTaskThreadCreate)
    i.ps_error_read                          0x08004cd0   Section        0  bsp_kingkong.o(i.ps_error_read)
    i.ps_force_signal                        0x08004cd4   Section        0  bsp_kingkong.o(i.ps_force_signal)
    i.ps_handle_fun                          0x08004cfc   Section        0  bsp_kingkong.o(i.ps_handle_fun)
    i.ps_task                                0x08004e00   Section        0  app_debug.o(i.ps_task)
    i.pvPortMalloc                           0x08004e28   Section        0  heap_4.o(i.pvPortMalloc)
    i.pxPortInitialiseStack                  0x08004f00   Section        0  port.o(i.pxPortInitialiseStack)
    i.receive_data_handel                    0x08004f24   Section        0  task_uart.o(i.receive_data_handel)
    i.round                                  0x0800551c   Section        0  round.o(i.round)
    i.temperature_get                        0x080055b0   Section        0  bsp_kingkong.o(i.temperature_get)
    i.toggle_led_all                         0x080055b4   Section        0  bsp_io.o(i.toggle_led_all)
    i.uartTaskThreadCreate                   0x08005634   Section        0  app_debug.o(i.uartTaskThreadCreate)
    i.uart_task                              0x08005660   Section        0  app_debug.o(i.uart_task)
    i.uxListRemove                           0x0800567a   Section        0  list.o(i.uxListRemove)
    i.vListInitialise                        0x0800569e   Section        0  list.o(i.vListInitialise)
    i.vListInitialiseItem                    0x080056b4   Section        0  list.o(i.vListInitialiseItem)
    i.vListInsert                            0x080056ba   Section        0  list.o(i.vListInsert)
    i.vListInsertEnd                         0x080056ea   Section        0  list.o(i.vListInsertEnd)
    i.vPortEnterCritical                     0x08005704   Section        0  port.o(i.vPortEnterCritical)
    i.vPortExitCritical                      0x08005744   Section        0  port.o(i.vPortExitCritical)
    i.vPortFree                              0x0800576c   Section        0  heap_4.o(i.vPortFree)
    i.vPortSetupTimerInterrupt               0x080057c8   Section        0  port.o(i.vPortSetupTimerInterrupt)
    i.vTaskDelay                             0x080057e8   Section        0  tasks.o(i.vTaskDelay)
    i.vTaskDelayUntil                        0x08005834   Section        0  tasks.o(i.vTaskDelayUntil)
    i.vTaskDelete                            0x080058c0   Section        0  tasks.o(i.vTaskDelete)
    i.vTaskStartScheduler                    0x0800596c   Section        0  tasks.o(i.vTaskStartScheduler)
    i.vTaskSuspendAll                        0x080059d4   Section        0  tasks.o(i.vTaskSuspendAll)
    i.vTaskSwitchContext                     0x080059e4   Section        0  tasks.o(i.vTaskSwitchContext)
    i.v_in_get                               0x08005a40   Section        0  bsp_kingkong.o(i.v_in_get)
    i.v_out_get                              0x08005a6c   Section        0  bsp_kingkong.o(i.v_out_get)
    i.vol_set                                0x08005a98   Section        0  bsp_kingkong.o(i.vol_set)
    i.vol_set_s                              0x08005b44   Section        0  bsp_kingkong.o(i.vol_set_s)
    vol_set_s                                0x08005b45   Thumb Code    74  bsp_kingkong.o(i.vol_set_s)
    i.xPortStartScheduler                    0x08005bdc   Section        0  port.o(i.xPortStartScheduler)
    i.xTaskCreate                            0x08005c50   Section        0  tasks.o(i.xTaskCreate)
    i.xTaskGetTickCount                      0x08005ca8   Section        0  tasks.o(i.xTaskGetTickCount)
    i.xTaskIncrementTick                     0x08005cb4   Section        0  tasks.o(i.xTaskIncrementTick)
    i.xTaskResumeAll                         0x08005d7c   Section        0  tasks.o(i.xTaskResumeAll)
    .constdata                               0x08005e40   Section       16  system_stm32f1xx.o(.constdata)
    .constdata                               0x08005e50   Section        8  system_stm32f1xx.o(.constdata)
    .constdata                               0x08005e58   Section       20  app_test_procedure.o(.constdata)
    .constdata                               0x08005e6c   Section       60  app_debug.o(.constdata)
    .constdata                               0x08005ea8   Section        9  lib_cali.o(.constdata)
    .constdata                               0x08005eb4   Section       20  freertos.o(.constdata)
    .constdata                               0x08005ec8   Section       64  ctype_c.o(.constdata)
    .conststring                             0x08005f08   Section     1118  task_uart.o(.conststring)
    .conststring                             0x08006368   Section        9  app_test_procedure.o(.conststring)
    .conststring                             0x08006374   Section       33  app_debug.o(.conststring)
    .conststring                             0x08006398   Section       12  freertos.o(.conststring)
    .data                                    0x20000000   Section        4  system_stm32f1xx.o(.data)
    .data                                    0x20000004   Section       92  task_uart.o(.data)
    .data                                    0x20000060   Section        4  app_test_procedure.o(.data)
    .data                                    0x20000064   Section       16  app_debug.o(.data)
    .data                                    0x20000074   Section        2  bsp_uart.o(.data)
    .data                                    0x20000078   Section       20  bsp_ad5683r.o(.data)
    value                                    0x20000078   Data           4  bsp_ad5683r.o(.data)
    value                                    0x2000007c   Data           4  bsp_ad5683r.o(.data)
    value                                    0x20000080   Data           4  bsp_ad5683r.o(.data)
    vol_tmp                                  0x20000084   Data           4  bsp_ad5683r.o(.data)
    value                                    0x20000088   Data           4  bsp_ad5683r.o(.data)
    .data                                    0x2000008c   Section        4  bsp_kingkong.o(.data)
    .data                                    0x20000090   Section        5  bsp_kingkong.o(.data)
    i                                        0x20000091   Data           1  bsp_kingkong.o(.data)
    j                                        0x20000092   Data           1  bsp_kingkong.o(.data)
    force_state                              0x20000093   Data           1  bsp_kingkong.o(.data)
    force_state_last                         0x20000094   Data           1  bsp_kingkong.o(.data)
    .data                                    0x20000098   Section      912  ad7124_regs.o(.data)
    .data                                    0x20000428   Section       12  stm32f1xx_hal.o(.data)
    .data                                    0x20000434   Section        4  freertos.o(.data)
    .data                                    0x20000438   Section       60  tasks.o(.data)
    uxDeletedTasksWaitingCleanUp             0x2000043c   Data           4  tasks.o(.data)
    uxCurrentNumberOfTasks                   0x20000440   Data           4  tasks.o(.data)
    xTickCount                               0x20000444   Data           4  tasks.o(.data)
    uxTopReadyPriority                       0x20000448   Data           4  tasks.o(.data)
    xSchedulerRunning                        0x2000044c   Data           4  tasks.o(.data)
    uxPendedTicks                            0x20000450   Data           4  tasks.o(.data)
    xYieldPending                            0x20000454   Data           4  tasks.o(.data)
    xNumOfOverflows                          0x20000458   Data           4  tasks.o(.data)
    uxTaskNumber                             0x2000045c   Data           4  tasks.o(.data)
    xNextTaskUnblockTime                     0x20000460   Data           4  tasks.o(.data)
    xIdleTaskHandle                          0x20000464   Data           4  tasks.o(.data)
    uxSchedulerSuspended                     0x20000468   Data           4  tasks.o(.data)
    pxDelayedTaskList                        0x2000046c   Data           4  tasks.o(.data)
    pxOverflowDelayedTaskList                0x20000470   Data           4  tasks.o(.data)
    .data                                    0x20000474   Section       24  heap_4.o(.data)
    pxEnd                                    0x20000474   Data           4  heap_4.o(.data)
    xFreeBytesRemaining                      0x20000478   Data           4  heap_4.o(.data)
    xMinimumEverFreeBytesRemaining           0x2000047c   Data           4  heap_4.o(.data)
    xBlockAllocatedBit                       0x20000480   Data           4  heap_4.o(.data)
    xStart                                   0x20000484   Data           8  heap_4.o(.data)
    .data                                    0x2000048c   Section       12  port.o(.data)
    ucMaxSysCallPriority                     0x2000048c   Data           1  port.o(.data)
    uxCriticalNesting                        0x20000490   Data           4  port.o(.data)
    ulMaxPRIGROUPValue                       0x20000494   Data           4  port.o(.data)
    .data                                    0x20000498   Section        4  errno.o(.data)
    _errno                                   0x20000498   Data           4  errno.o(.data)
    .bss                                     0x2000049c   Section      128  bsp_uart.o(.bss)
    .bss                                     0x2000051c   Section      488  bsp_kingkong.o(.bss)
    .bss                                     0x20000704   Section     2048  stm_flash.o(.bss)
    .bss                                     0x20000f04   Section       40  can.o(.bss)
    .bss                                     0x20000f2c   Section       20  dac.o(.bss)
    .bss                                     0x20000f40   Section       88  spi.o(.bss)
    .bss                                     0x20000f98   Section      320  usart.o(.bss)
    .bss                                     0x200010d8   Section       64  stm32f1xx_hal_timebase_tim.o(.bss)
    .bss                                     0x20001118   Section      240  tasks.o(.bss)
    pxReadyTasksLists                        0x20001118   Data         140  tasks.o(.bss)
    xDelayedTaskList1                        0x200011a4   Data          20  tasks.o(.bss)
    xDelayedTaskList2                        0x200011b8   Data          20  tasks.o(.bss)
    xPendingReadyList                        0x200011cc   Data          20  tasks.o(.bss)
    xTasksWaitingTermination                 0x200011e0   Data          20  tasks.o(.bss)
    xSuspendedTaskList                       0x200011f4   Data          20  tasks.o(.bss)
    .bss                                     0x20001208   Section    15360  heap_4.o(.bss)
    ucHeap                                   0x20001208   Data       15360  heap_4.o(.bss)
    STACK                                    0x20004e08   Section     1024  startup_stm32f103xe.o(STACK)

    Global Symbols

    Symbol Name                              Value     Ov Type        Size  Object(Section)

    BuildAttributes$$THM_ISAv4$P$D$K$B$S$PE$A:L22UL41UL21$X:L11$S22US41US21$IEEE1$IW$USESV6$~STKCKD$USESV7$~SHL$OTIME$ROPI$IEEEJ$EBA8$MICROLIB$REQ8$PRES8$EABIv2 0x00000000   Number         0  anon$$obj.o ABSOLUTE
    __ARM_use_no_argv                        0x00000000   Number         0  main.o ABSOLUTE
    __cpp_initialize__aeabi_                  - Undefined Weak Reference
    __cxa_finalize                            - Undefined Weak Reference
    _clock_init                               - Undefined Weak Reference
    _microlib_exit                            - Undefined Weak Reference
    __Vectors_Size                           0x00000130   Number         0  startup_stm32f103xe.o ABSOLUTE
    __Vectors                                0x08000000   Data           4  startup_stm32f103xe.o(RESET)
    __Vectors_End                            0x08000130   Data           0  startup_stm32f103xe.o(RESET)
    __main                                   0x08000131   Thumb Code     0  entry.o(.ARM.Collect$$$$00000000)
    _main_stk                                0x08000131   Thumb Code     0  entry2.o(.ARM.Collect$$$$00000001)
    _main_scatterload                        0x08000135   Thumb Code     0  entry5.o(.ARM.Collect$$$$00000004)
    __main_after_scatterload                 0x08000139   Thumb Code     0  entry5.o(.ARM.Collect$$$$00000004)
    _main_clock                              0x08000139   Thumb Code     0  entry7b.o(.ARM.Collect$$$$00000008)
    _main_cpp_init                           0x08000139   Thumb Code     0  entry8b.o(.ARM.Collect$$$$0000000A)
    _main_init                               0x08000139   Thumb Code     0  entry9a.o(.ARM.Collect$$$$0000000B)
    __rt_final_cpp                           0x08000141   Thumb Code     0  entry10a.o(.ARM.Collect$$$$0000000D)
    __rt_final_exit                          0x08000141   Thumb Code     0  entry11a.o(.ARM.Collect$$$$0000000F)
    SVC_Handler                              0x08000145   Thumb Code    32  port.o(.emb_text)
    __asm___6_port_c_39a90d8d__prvStartFirstTask 0x08000169   Thumb Code    28  port.o(.emb_text)
    PendSV_Handler                           0x08000189   Thumb Code    72  port.o(.emb_text)
    vPortGetIPSR                             0x080001d5   Thumb Code     6  port.o(.emb_text)
    Reset_Handler                            0x080001dd   Thumb Code     8  startup_stm32f103xe.o(.text)
    ADC1_2_IRQHandler                        0x080001f7   Thumb Code     0  startup_stm32f103xe.o(.text)
    ADC3_IRQHandler                          0x080001f7   Thumb Code     0  startup_stm32f103xe.o(.text)
    CAN1_RX1_IRQHandler                      0x080001f7   Thumb Code     0  startup_stm32f103xe.o(.text)
    CAN1_SCE_IRQHandler                      0x080001f7   Thumb Code     0  startup_stm32f103xe.o(.text)
    DMA1_Channel1_IRQHandler                 0x080001f7   Thumb Code     0  startup_stm32f103xe.o(.text)
    DMA1_Channel2_IRQHandler                 0x080001f7   Thumb Code     0  startup_stm32f103xe.o(.text)
    DMA1_Channel3_IRQHandler                 0x080001f7   Thumb Code     0  startup_stm32f103xe.o(.text)
    DMA1_Channel4_IRQHandler                 0x080001f7   Thumb Code     0  startup_stm32f103xe.o(.text)
    DMA1_Channel5_IRQHandler                 0x080001f7   Thumb Code     0  startup_stm32f103xe.o(.text)
    DMA1_Channel6_IRQHandler                 0x080001f7   Thumb Code     0  startup_stm32f103xe.o(.text)
    DMA1_Channel7_IRQHandler                 0x080001f7   Thumb Code     0  startup_stm32f103xe.o(.text)
    DMA2_Channel1_IRQHandler                 0x080001f7   Thumb Code     0  startup_stm32f103xe.o(.text)
    DMA2_Channel2_IRQHandler                 0x080001f7   Thumb Code     0  startup_stm32f103xe.o(.text)
    DMA2_Channel3_IRQHandler                 0x080001f7   Thumb Code     0  startup_stm32f103xe.o(.text)
    DMA2_Channel4_5_IRQHandler               0x080001f7   Thumb Code     0  startup_stm32f103xe.o(.text)
    EXTI0_IRQHandler                         0x080001f7   Thumb Code     0  startup_stm32f103xe.o(.text)
    EXTI15_10_IRQHandler                     0x080001f7   Thumb Code     0  startup_stm32f103xe.o(.text)
    EXTI1_IRQHandler                         0x080001f7   Thumb Code     0  startup_stm32f103xe.o(.text)
    EXTI2_IRQHandler                         0x080001f7   Thumb Code     0  startup_stm32f103xe.o(.text)
    EXTI3_IRQHandler                         0x080001f7   Thumb Code     0  startup_stm32f103xe.o(.text)
    EXTI4_IRQHandler                         0x080001f7   Thumb Code     0  startup_stm32f103xe.o(.text)
    EXTI9_5_IRQHandler                       0x080001f7   Thumb Code     0  startup_stm32f103xe.o(.text)
    FLASH_IRQHandler                         0x080001f7   Thumb Code     0  startup_stm32f103xe.o(.text)
    FSMC_IRQHandler                          0x080001f7   Thumb Code     0  startup_stm32f103xe.o(.text)
    I2C1_ER_IRQHandler                       0x080001f7   Thumb Code     0  startup_stm32f103xe.o(.text)
    I2C1_EV_IRQHandler                       0x080001f7   Thumb Code     0  startup_stm32f103xe.o(.text)
    I2C2_ER_IRQHandler                       0x080001f7   Thumb Code     0  startup_stm32f103xe.o(.text)
    I2C2_EV_IRQHandler                       0x080001f7   Thumb Code     0  startup_stm32f103xe.o(.text)
    PVD_IRQHandler                           0x080001f7   Thumb Code     0  startup_stm32f103xe.o(.text)
    RCC_IRQHandler                           0x080001f7   Thumb Code     0  startup_stm32f103xe.o(.text)
    RTC_Alarm_IRQHandler                     0x080001f7   Thumb Code     0  startup_stm32f103xe.o(.text)
    RTC_IRQHandler                           0x080001f7   Thumb Code     0  startup_stm32f103xe.o(.text)
    SDIO_IRQHandler                          0x080001f7   Thumb Code     0  startup_stm32f103xe.o(.text)
    SPI1_IRQHandler                          0x080001f7   Thumb Code     0  startup_stm32f103xe.o(.text)
    SPI2_IRQHandler                          0x080001f7   Thumb Code     0  startup_stm32f103xe.o(.text)
    SPI3_IRQHandler                          0x080001f7   Thumb Code     0  startup_stm32f103xe.o(.text)
    TAMPER_IRQHandler                        0x080001f7   Thumb Code     0  startup_stm32f103xe.o(.text)
    TIM1_BRK_IRQHandler                      0x080001f7   Thumb Code     0  startup_stm32f103xe.o(.text)
    TIM1_CC_IRQHandler                       0x080001f7   Thumb Code     0  startup_stm32f103xe.o(.text)
    TIM1_TRG_COM_IRQHandler                  0x080001f7   Thumb Code     0  startup_stm32f103xe.o(.text)
    TIM1_UP_IRQHandler                       0x080001f7   Thumb Code     0  startup_stm32f103xe.o(.text)
    TIM2_IRQHandler                          0x080001f7   Thumb Code     0  startup_stm32f103xe.o(.text)
    TIM3_IRQHandler                          0x080001f7   Thumb Code     0  startup_stm32f103xe.o(.text)
    TIM4_IRQHandler                          0x080001f7   Thumb Code     0  startup_stm32f103xe.o(.text)
    TIM5_IRQHandler                          0x080001f7   Thumb Code     0  startup_stm32f103xe.o(.text)
    TIM7_IRQHandler                          0x080001f7   Thumb Code     0  startup_stm32f103xe.o(.text)
    TIM8_BRK_IRQHandler                      0x080001f7   Thumb Code     0  startup_stm32f103xe.o(.text)
    TIM8_CC_IRQHandler                       0x080001f7   Thumb Code     0  startup_stm32f103xe.o(.text)
    TIM8_TRG_COM_IRQHandler                  0x080001f7   Thumb Code     0  startup_stm32f103xe.o(.text)
    TIM8_UP_IRQHandler                       0x080001f7   Thumb Code     0  startup_stm32f103xe.o(.text)
    UART4_IRQHandler                         0x080001f7   Thumb Code     0  startup_stm32f103xe.o(.text)
    UART5_IRQHandler                         0x080001f7   Thumb Code     0  startup_stm32f103xe.o(.text)
    USART2_IRQHandler                        0x080001f7   Thumb Code     0  startup_stm32f103xe.o(.text)
    USART3_IRQHandler                        0x080001f7   Thumb Code     0  startup_stm32f103xe.o(.text)
    USBWakeUp_IRQHandler                     0x080001f7   Thumb Code     0  startup_stm32f103xe.o(.text)
    USB_HP_CAN1_TX_IRQHandler                0x080001f7   Thumb Code     0  startup_stm32f103xe.o(.text)
    USB_LP_CAN1_RX0_IRQHandler               0x080001f7   Thumb Code     0  startup_stm32f103xe.o(.text)
    WWDG_IRQHandler                          0x080001f7   Thumb Code     0  startup_stm32f103xe.o(.text)
    __aeabi_llsr                             0x08000201   Thumb Code    32  llushr.o(.text)
    _ll_ushift_r                             0x08000201   Thumb Code     0  llushr.o(.text)
    __aeabi_memcpy                           0x08000221   Thumb Code    36  memcpya.o(.text)
    __aeabi_memcpy4                          0x08000221   Thumb Code     0  memcpya.o(.text)
    __aeabi_memcpy8                          0x08000221   Thumb Code     0  memcpya.o(.text)
    __aeabi_memset                           0x08000245   Thumb Code    14  memseta.o(.text)
    __aeabi_memset4                          0x08000245   Thumb Code     0  memseta.o(.text)
    __aeabi_memset8                          0x08000245   Thumb Code     0  memseta.o(.text)
    __aeabi_memclr                           0x08000253   Thumb Code     4  memseta.o(.text)
    __aeabi_memclr4                          0x08000253   Thumb Code     0  memseta.o(.text)
    __aeabi_memclr8                          0x08000253   Thumb Code     0  memseta.o(.text)
    _memset$wrapper                          0x08000257   Thumb Code    18  memseta.o(.text)
    strncasecmp                              0x08000269   Thumb Code    50  strncasecmp.o(.text)
    __aeabi_fadd                             0x0800029b   Thumb Code   164  fadd.o(.text)
    __aeabi_fsub                             0x0800033f   Thumb Code     6  fadd.o(.text)
    __aeabi_frsub                            0x08000345   Thumb Code     6  fadd.o(.text)
    __aeabi_fmul                             0x0800034b   Thumb Code   100  fmul.o(.text)
    __aeabi_fdiv                             0x080003af   Thumb Code   124  fdiv.o(.text)
    __ARM_scalbnf                            0x0800042b   Thumb Code    24  fscalb.o(.text)
    scalbnf                                  0x0800042b   Thumb Code     0  fscalb.o(.text)
    __aeabi_ddiv                             0x08000443   Thumb Code   222  ddiv.o(.text)
    __aeabi_i2f                              0x08000521   Thumb Code    18  fflti.o(.text)
    __aeabi_f2uiz                            0x08000533   Thumb Code    40  ffixui.o(.text)
    __aeabi_f2d                              0x0800055b   Thumb Code    38  f2d.o(.text)
    __aeabi_d2f                              0x08000581   Thumb Code    56  d2f.o(.text)
    __aeabi_uidiv                            0x080005b9   Thumb Code     0  uidiv.o(.text)
    __aeabi_uidivmod                         0x080005b9   Thumb Code    44  uidiv.o(.text)
    __aeabi_uldivmod                         0x080005e5   Thumb Code    98  uldiv.o(.text)
    tolower                                  0x08000647   Thumb Code    12  tolower.o(.text)
    __strtod_int                             0x0800068b   Thumb Code    90  strtod.o(.text)
    __I$use$fp                               0x080006f1   Thumb Code     0  iusefp.o(.text)
    _float_round                             0x080006f1   Thumb Code    18  fepilogue.o(.text)
    _float_epilogue                          0x08000703   Thumb Code    92  fepilogue.o(.text)
    _double_round                            0x0800075f   Thumb Code    30  depilogue.o(.text)
    _double_epilogue                         0x0800077d   Thumb Code   156  depilogue.o(.text)
    __aeabi_dadd                             0x08000819   Thumb Code   322  dadd.o(.text)
    __aeabi_dsub                             0x0800095b   Thumb Code     6  dadd.o(.text)
    __aeabi_drsub                            0x08000961   Thumb Code     6  dadd.o(.text)
    __aeabi_dmul                             0x08000967   Thumb Code   228  dmul.o(.text)
    _drnd                                    0x08000a4d   Thumb Code   132  drnd.o(.text)
    __aeabi_d2ulz                            0x08000ad5   Thumb Code    48  dfixul.o(.text)
    __aeabi_cdcmpeq                          0x08000b05   Thumb Code     0  cdcmple.o(.text)
    __aeabi_cdcmple                          0x08000b05   Thumb Code    48  cdcmple.o(.text)
    __aeabi_cdrcmple                         0x08000b35   Thumb Code    48  cdrcmple.o(.text)
    __scatterload                            0x08000b65   Thumb Code    28  init.o(.text)
    __scatterload_rt2                        0x08000b65   Thumb Code     0  init.o(.text)
    __aeabi_llsl                             0x08000b89   Thumb Code    30  llshl.o(.text)
    _ll_shift_l                              0x08000b89   Thumb Code     0  llshl.o(.text)
    __aeabi_lasr                             0x08000ba7   Thumb Code    36  llsshr.o(.text)
    _ll_sshift_r                             0x08000ba7   Thumb Code     0  llsshr.o(.text)
    isspace                                  0x08000bcb   Thumb Code    10  isspace_c.o(.text)
    _scanf_real                              0x08000cfd   Thumb Code     0  scanf_fp.o(.text)
    _scanf_really_real                       0x08000cfd   Thumb Code   556  scanf_fp.o(.text)
    _sgetc                                   0x08000f35   Thumb Code    30  _sgetc.o(.text)
    _sbackspace                              0x08000f53   Thumb Code    34  _sgetc.o(.text)
    __ctype_lookup                           0x08000f75   Thumb Code    34  ctype_c.o(.text)
    __aeabi_ul2d                             0x08000f9d   Thumb Code    24  dfltul.o(.text)
    __decompress                             0x08000fb5   Thumb Code     0  __dczerorl2.o(.text)
    __decompress1                            0x08000fb5   Thumb Code    86  __dczerorl2.o(.text)
    AD5683R_Wr24BitDat                       0x0800100d   Thumb Code    74  bsp_ad5683r.o(i.AD5683R_Wr24BitDat)
    AD5683R_Write_Command                    0x0800105d   Thumb Code    70  bsp_ad5683r.o(i.AD5683R_Write_Command)
    AD5683R_Write_Value_H                    0x080010ad   Thumb Code    48  bsp_ad5683r.o(i.AD5683R_Write_Value_H)
    AD5683R_Write_Value_L                    0x080010e5   Thumb Code    48  bsp_ad5683r.o(i.AD5683R_Write_Value_L)
    AD7124_ComputeCRC8                       0x0800111d   Thumb Code    54  ad7124.o(i.AD7124_ComputeCRC8)
    AD7124_GET_Code                          0x08001155   Thumb Code   142  ad7124.o(i.AD7124_GET_Code)
    AD7124_NoCheckReadRegister               0x080011ed   Thumb Code   174  ad7124.o(i.AD7124_NoCheckReadRegister)
    AD7124_NoCheckWriteRegister              0x0800129b   Thumb Code    92  ad7124.o(i.AD7124_NoCheckWriteRegister)
    AD7124_ReadRegister                      0x080012f7   Thumb Code    42  ad7124.o(i.AD7124_ReadRegister)
    AD7124_Reset                             0x08001321   Thumb Code    42  ad7124.o(i.AD7124_Reset)
    AD7124_Setup                             0x08001355   Thumb Code   110  ad7124.o(i.AD7124_Setup)
    AD7124_UpdateCRCSetting                  0x080013c3   Thumb Code    24  ad7124.o(i.AD7124_UpdateCRCSetting)
    AD7124_UpdateDevSpiSettings              0x080013db   Thumb Code    24  ad7124.o(i.AD7124_UpdateDevSpiSettings)
    AD7124_WaitForSpiReady                   0x080013f3   Thumb Code    66  ad7124.o(i.AD7124_WaitForSpiReady)
    AD7124_WaitToPowerOn                     0x08001435   Thumb Code    62  ad7124.o(i.AD7124_WaitToPowerOn)
    AD7124_WriteRegister                     0x08001473   Thumb Code    48  ad7124.o(i.AD7124_WriteRegister)
    BusFault_Handler                         0x080014a3   Thumb Code     2  stm32f1xx_it.o(i.BusFault_Handler)
    DebugMon_Handler                         0x080014a5   Thumb Code     2  stm32f1xx_it.o(i.DebugMon_Handler)
    Error_Handler                            0x080014a7   Thumb Code     2  main.o(i.Error_Handler)
    ExtADC_Monitor                           0x080014a9   Thumb Code    84  bsp_kingkong.o(i.ExtADC_Monitor)
    HAL_BOOT_LOADER                          0x0800150d   Thumb Code     2  bootloader.o(i.HAL_BOOT_LOADER)
    HAL_CAN_Init                             0x0800150f   Thumb Code   282  stm32f1xx_hal_can.o(i.HAL_CAN_Init)
    HAL_CAN_MspInit                          0x08001629   Thumb Code    96  can.o(i.HAL_CAN_MspInit)
    HAL_DAC_ConfigChannel                    0x08001695   Thumb Code    66  stm32f1xx_hal_dac.o(i.HAL_DAC_ConfigChannel)
    HAL_DAC_Init                             0x080016d7   Thumb Code    40  stm32f1xx_hal_dac.o(i.HAL_DAC_Init)
    HAL_DAC_MspInit                          0x08001701   Thumb Code    76  dac.o(i.HAL_DAC_MspInit)
    HAL_DAC_SetValue                         0x08001759   Thumb Code    26  stm32f1xx_hal_dac.o(i.HAL_DAC_SetValue)
    HAL_DAC_Start                            0x08001773   Thumb Code    84  stm32f1xx_hal_dac.o(i.HAL_DAC_Start)
    HAL_Delay                                0x080017c9   Thumb Code    32  stm32f1xx_hal.o(i.HAL_Delay)
    HAL_GPIO_Init                            0x080017ed   Thumb Code   446  stm32f1xx_hal_gpio.o(i.HAL_GPIO_Init)
    HAL_GPIO_ReadPin                         0x080019d5   Thumb Code    10  stm32f1xx_hal_gpio.o(i.HAL_GPIO_ReadPin)
    HAL_GPIO_TogglePin                       0x080019df   Thumb Code     8  stm32f1xx_hal_gpio.o(i.HAL_GPIO_TogglePin)
    HAL_GPIO_WritePin                        0x080019e7   Thumb Code    10  stm32f1xx_hal_gpio.o(i.HAL_GPIO_WritePin)
    HAL_GetTick                              0x080019f1   Thumb Code     6  stm32f1xx_hal.o(i.HAL_GetTick)
    HAL_IncTick                              0x080019fd   Thumb Code    12  stm32f1xx_hal.o(i.HAL_IncTick)
    HAL_Init                                 0x08001a0d   Thumb Code    32  stm32f1xx_hal.o(i.HAL_Init)
    HAL_InitTick                             0x08001a31   Thumb Code   100  stm32f1xx_hal_timebase_tim.o(i.HAL_InitTick)
    HAL_MspInit                              0x08001aa5   Thumb Code    62  stm32f1xx_hal_msp.o(i.HAL_MspInit)
    HAL_NVIC_DisableIRQ                      0x08001aed   Thumb Code    22  stm32f1xx_hal_cortex.o(i.HAL_NVIC_DisableIRQ)
    HAL_NVIC_EnableIRQ                       0x08001b03   Thumb Code    22  stm32f1xx_hal_cortex.o(i.HAL_NVIC_EnableIRQ)
    HAL_NVIC_SetPriority                     0x08001b19   Thumb Code    60  stm32f1xx_hal_cortex.o(i.HAL_NVIC_SetPriority)
    HAL_NVIC_SetPriorityGrouping             0x08001b59   Thumb Code    26  stm32f1xx_hal_cortex.o(i.HAL_NVIC_SetPriorityGrouping)
    HAL_NVIC_SystemReset                     0x08001b7d   Thumb Code    26  stm32f1xx_hal_cortex.o(i.HAL_NVIC_SystemReset)
    HAL_RCC_ClockConfig                      0x08001ba1   Thumb Code   346  stm32f1xx_hal_rcc.o(i.HAL_RCC_ClockConfig)
    HAL_RCC_GetClockConfig                   0x08001d0d   Thumb Code    54  stm32f1xx_hal_rcc.o(i.HAL_RCC_GetClockConfig)
    HAL_RCC_GetPCLK1Freq                     0x08001d4d   Thumb Code    20  stm32f1xx_hal_rcc.o(i.HAL_RCC_GetPCLK1Freq)
    HAL_RCC_GetPCLK2Freq                     0x08001d6d   Thumb Code    20  stm32f1xx_hal_rcc.o(i.HAL_RCC_GetPCLK2Freq)
    HAL_RCC_GetSysClockFreq                  0x08001d8d   Thumb Code    74  stm32f1xx_hal_rcc.o(i.HAL_RCC_GetSysClockFreq)
    HAL_RCC_OscConfig                        0x08001df9   Thumb Code   750  stm32f1xx_hal_rcc.o(i.HAL_RCC_OscConfig)
    HAL_SPI_Init                             0x080020fd   Thumb Code   130  stm32f1xx_hal_spi_ex.o(i.HAL_SPI_Init)
    HAL_SPI_MspInit                          0x08002181   Thumb Code    98  spi.o(i.HAL_SPI_MspInit)
    HAL_SPI_TransmitReceive                  0x080021f1   Thumb Code   472  stm32f1xx_hal_spi.o(i.HAL_SPI_TransmitReceive)
    HAL_TIMEx_BreakCallback                  0x080023c9   Thumb Code     2  stm32f1xx_hal_tim_ex.o(i.HAL_TIMEx_BreakCallback)
    HAL_TIMEx_CommutationCallback            0x080023cb   Thumb Code     2  stm32f1xx_hal_tim_ex.o(i.HAL_TIMEx_CommutationCallback)
    HAL_TIM_Base_Init                        0x080023cd   Thumb Code    54  stm32f1xx_hal_tim.o(i.HAL_TIM_Base_Init)
    HAL_TIM_Base_MspInit                     0x08002403   Thumb Code     2  stm32f1xx_hal_tim.o(i.HAL_TIM_Base_MspInit)
    HAL_TIM_Base_Start_IT                    0x08002405   Thumb Code    24  stm32f1xx_hal_tim.o(i.HAL_TIM_Base_Start_IT)
    HAL_TIM_IC_CaptureCallback               0x0800241d   Thumb Code     2  stm32f1xx_hal_tim.o(i.HAL_TIM_IC_CaptureCallback)
    HAL_TIM_IRQHandler                       0x0800241f   Thumb Code   358  stm32f1xx_hal_tim.o(i.HAL_TIM_IRQHandler)
    HAL_TIM_OC_DelayElapsedCallback          0x08002585   Thumb Code     2  stm32f1xx_hal_tim.o(i.HAL_TIM_OC_DelayElapsedCallback)
    HAL_TIM_PWM_PulseFinishedCallback        0x08002587   Thumb Code     2  stm32f1xx_hal_tim.o(i.HAL_TIM_PWM_PulseFinishedCallback)
    HAL_TIM_PeriodElapsedCallback            0x08002589   Thumb Code    14  main.o(i.HAL_TIM_PeriodElapsedCallback)
    HAL_TIM_TriggerCallback                  0x0800259d   Thumb Code     2  stm32f1xx_hal_tim.o(i.HAL_TIM_TriggerCallback)
    HAL_UART_All_Init                        0x0800259f   Thumb Code     8  bsp_uart.o(i.HAL_UART_All_Init)
    HAL_UART_Init                            0x080025a7   Thumb Code    98  stm32f1xx_hal_uart.o(i.HAL_UART_Init)
    HAL_UART_MspInit                         0x08002609   Thumb Code   418  usart.o(i.HAL_UART_MspInit)
    HAL_UART_Transmit                        0x080027d9   Thumb Code   186  stm32f1xx_hal_uart.o(i.HAL_UART_Transmit)
    HardFault_Handler                        0x08002893   Thumb Code     2  stm32f1xx_it.o(i.HardFault_Handler)
    InitTask                                 0x08002895   Thumb Code    28  app_test_procedure.o(i.InitTask)
    MX_CAN_Init                              0x080028b5   Thumb Code    52  can.o(i.MX_CAN_Init)
    MX_DAC_Init                              0x080028f1   Thumb Code    50  dac.o(i.MX_DAC_Init)
    MX_FREERTOS_Init                         0x0800292d   Thumb Code    36  freertos.o(i.MX_FREERTOS_Init)
    MX_GPIO_Init                             0x08002959   Thumb Code   500  gpio.o(i.MX_GPIO_Init)
    MX_SPI3_Init                             0x08002b65   Thumb Code    62  spi.o(i.MX_SPI3_Init)
    MX_UART4_Init                            0x08002bad   Thumb Code    48  usart.o(i.MX_UART4_Init)
    MX_UART5_Init                            0x08002be5   Thumb Code    48  usart.o(i.MX_UART5_Init)
    MX_USART1_UART_Init                      0x08002c1d   Thumb Code    48  usart.o(i.MX_USART1_UART_Init)
    MX_USART2_UART_Init                      0x08002c55   Thumb Code    48  usart.o(i.MX_USART2_UART_Init)
    MX_USART3_UART_Init                      0x08002c8d   Thumb Code    48  usart.o(i.MX_USART3_UART_Init)
    MemManage_Handler                        0x08002cc5   Thumb Code     2  stm32f1xx_it.o(i.MemManage_Handler)
    NMI_Handler                              0x08002cc7   Thumb Code     2  stm32f1xx_it.o(i.NMI_Handler)
    REG_UART1_Init                           0x08002ce9   Thumb Code    20  bsp_uart.o(i.REG_UART1_Init)
    SPI_Read                                 0x08002d21   Thumb Code    66  ad7124.o(i.SPI_Read)
    SPI_Write                                0x08002e05   Thumb Code    58  ad7124.o(i.SPI_Write)
    STMFLASH_ErasePage                       0x08002e49   Thumb Code    58  stm_flash.o(i.STMFLASH_ErasePage)
    STMFLASH_GetStatus                       0x08002e89   Thumb Code    32  stm_flash.o(i.STMFLASH_GetStatus)
    STMFLASH_Lock                            0x08002ead   Thumb Code    12  stm_flash.o(i.STMFLASH_Lock)
    STMFLASH_Read                            0x08002ebd   Thumb Code    26  stm_flash.o(i.STMFLASH_Read)
    STMFLASH_Unlock                          0x08002ed9   Thumb Code    12  stm_flash.o(i.STMFLASH_Unlock)
    STMFLASH_WaitDone                        0x08002ef1   Thumb Code    36  stm_flash.o(i.STMFLASH_WaitDone)
    STMFLASH_Write                           0x08002f15   Thumb Code   192  stm_flash.o(i.STMFLASH_Write)
    STMFLASH_WriteHalfWord                   0x08002fd9   Thumb Code    48  stm_flash.o(i.STMFLASH_WriteHalfWord)
    STMFLASH_Write_NoCheck                   0x0800300d   Thumb Code    40  stm_flash.o(i.STMFLASH_Write_NoCheck)
    StartDefaultTask                         0x08003035   Thumb Code     8  freertos.o(i.StartDefaultTask)
    SysTick_Handler                          0x0800303d   Thumb Code    38  port.o(i.SysTick_Handler)
    SystemClock_Config                       0x08003069   Thumb Code    96  main.o(i.SystemClock_Config)
    SystemInit                               0x080030c9   Thumb Code    56  system_stm32f1xx.o(i.SystemInit)
    TIM6_IRQHandler                          0x08003111   Thumb Code     6  stm32f1xx_it.o(i.TIM6_IRQHandler)
    TIM_Base_SetConfig                       0x0800311d   Thumb Code   120  stm32f1xx_hal_tim.o(i.TIM_Base_SetConfig)
    UART_Printf                              0x080031a9   Thumb Code    68  bsp_uart.o(i.UART_Printf)
    USART1_IRQHandler                        0x080033c1   Thumb Code    90  bsp_uart.o(i.USART1_IRQHandler)
    UsageFault_Handler                       0x0800342d   Thumb Code     2  stm32f1xx_it.o(i.UsageFault_Handler)
    __0vsprintf                              0x08003431   Thumb Code    30  printfa.o(i.__0vsprintf)
    __1vsprintf                              0x08003431   Thumb Code     0  printfa.o(i.__0vsprintf)
    __2vsprintf                              0x08003431   Thumb Code     0  printfa.o(i.__0vsprintf)
    __c89vsprintf                            0x08003431   Thumb Code     0  printfa.o(i.__0vsprintf)
    vsprintf                                 0x08003431   Thumb Code     0  printfa.o(i.__0vsprintf)
    __read_errno                             0x08003455   Thumb Code     6  errno.o(i.__read_errno)
    __scatterload_copy                       0x08003461   Thumb Code    14  handlers.o(i.__scatterload_copy)
    __scatterload_null                       0x0800346f   Thumb Code     2  handlers.o(i.__scatterload_null)
    __scatterload_zeroinit                   0x08003471   Thumb Code    14  handlers.o(i.__scatterload_zeroinit)
    __set_errno                              0x08003481   Thumb Code     6  errno.o(i.__set_errno)
    _is_digit                                0x08003611   Thumb Code    14  scanf_fp.o(i._is_digit)
    ad5683r_init                             0x08003d59   Thumb Code     6  bsp_ad5683r.o(i.ad5683r_init)
    ad5683r_set_volt                         0x08003d61   Thumb Code    88  bsp_ad5683r.o(i.ad5683r_set_volt)
    atof                                     0x08003dc5   Thumb Code    42  atof.o(i.atof)
    cali_init                                0x08003df1   Thumb Code   242  lib_cali.o(i.cali_init)
    cali_read                                0x08003f61   Thumb Code   244  lib_cali.o(i.cali_read)
    cali_write                               0x080041bd   Thumb Code   436  lib_cali.o(i.cali_write)
    cur_out_get                              0x080045ed   Thumb Code    48  bsp_kingkong.o(i.cur_out_get)
    force_config_read                        0x08004629   Thumb Code     2  bsp_kingkong.o(i.force_config_read)
    force_get                                0x0800462b   Thumb Code     2  bsp_kingkong.o(i.force_get)
    force_set                                0x0800462d   Thumb Code    36  bsp_kingkong.o(i.force_set)
    hardware_init                            0x08004659   Thumb Code   184  bsp_kingkong.o(i.hardware_init)
    initTaskThreadCreate                     0x08004799   Thumb Code    36  app_test_procedure.o(i.initTaskThreadCreate)
    internal_dac_vol_set                     0x080047c5   Thumb Code    34  bsp_kingkong.o(i.internal_dac_vol_set)
    iwdgTaskThreadCreate                     0x080047f1   Thumb Code    36  app_debug.o(i.iwdgTaskThreadCreate)
    iwdg_task                                0x0800481d   Thumb Code    76  app_debug.o(i.iwdg_task)
    main                                     0x08004879   Thumb Code    62  main.o(i.main)
    mcu_soft_start                           0x080048c3   Thumb Code    22  bsp_kingkong.o(i.mcu_soft_start)
    osDelay                                  0x080048d9   Thumb Code    14  cmsis_os.o(i.osDelay)
    osDelayUntil                             0x080048e7   Thumb Code    14  cmsis_os.o(i.osDelayUntil)
    osKernelStart                            0x080048f5   Thumb Code    10  cmsis_os.o(i.osKernelStart)
    osThreadCreate                           0x080048ff   Thumb Code    46  cmsis_os.o(i.osThreadCreate)
    output_config                            0x0800492d   Thumb Code    56  bsp_kingkong.o(i.output_config)
    psTaskThreadCreate                       0x08004ca5   Thumb Code    36  app_debug.o(i.psTaskThreadCreate)
    ps_error_read                            0x08004cd1   Thumb Code     2  bsp_kingkong.o(i.ps_error_read)
    ps_force_signal                          0x08004cd5   Thumb Code    32  bsp_kingkong.o(i.ps_force_signal)
    ps_handle_fun                            0x08004cfd   Thumb Code   178  bsp_kingkong.o(i.ps_handle_fun)
    ps_task                                  0x08004e01   Thumb Code    32  app_debug.o(i.ps_task)
    pvPortMalloc                             0x08004e29   Thumb Code   210  heap_4.o(i.pvPortMalloc)
    pxPortInitialiseStack                    0x08004f01   Thumb Code    32  port.o(i.pxPortInitialiseStack)
    receive_data_handel                      0x08004f25   Thumb Code   886  task_uart.o(i.receive_data_handel)
    round                                    0x0800551d   Thumb Code   136  round.o(i.round)
    temperature_get                          0x080055b1   Thumb Code     4  bsp_kingkong.o(i.temperature_get)
    toggle_led_all                           0x080055b5   Thumb Code   122  bsp_io.o(i.toggle_led_all)
    uartTaskThreadCreate                     0x08005635   Thumb Code    36  app_debug.o(i.uartTaskThreadCreate)
    uart_task                                0x08005661   Thumb Code    26  app_debug.o(i.uart_task)
    uxListRemove                             0x0800567b   Thumb Code    36  list.o(i.uxListRemove)
    vListInitialise                          0x0800569f   Thumb Code    22  list.o(i.vListInitialise)
    vListInitialiseItem                      0x080056b5   Thumb Code     6  list.o(i.vListInitialiseItem)
    vListInsert                              0x080056bb   Thumb Code    48  list.o(i.vListInsert)
    vListInsertEnd                           0x080056eb   Thumb Code    24  list.o(i.vListInsertEnd)
    vPortEnterCritical                       0x08005705   Thumb Code    54  port.o(i.vPortEnterCritical)
    vPortExitCritical                        0x08005745   Thumb Code    34  port.o(i.vPortExitCritical)
    vPortFree                                0x0800576d   Thumb Code    88  heap_4.o(i.vPortFree)
    vPortSetupTimerInterrupt                 0x080057c9   Thumb Code    26  port.o(i.vPortSetupTimerInterrupt)
    vTaskDelay                               0x080057e9   Thumb Code    66  tasks.o(i.vTaskDelay)
    vTaskDelayUntil                          0x08005835   Thumb Code   132  tasks.o(i.vTaskDelayUntil)
    vTaskDelete                              0x080058c1   Thumb Code   158  tasks.o(i.vTaskDelete)
    vTaskStartScheduler                      0x0800596d   Thumb Code    86  tasks.o(i.vTaskStartScheduler)
    vTaskSuspendAll                          0x080059d5   Thumb Code    10  tasks.o(i.vTaskSuspendAll)
    vTaskSwitchContext                       0x080059e5   Thumb Code    82  tasks.o(i.vTaskSwitchContext)
    v_in_get                                 0x08005a41   Thumb Code    36  bsp_kingkong.o(i.v_in_get)
    v_out_get                                0x08005a6d   Thumb Code    36  bsp_kingkong.o(i.v_out_get)
    vol_set                                  0x08005a99   Thumb Code    96  bsp_kingkong.o(i.vol_set)
    xPortStartScheduler                      0x08005bdd   Thumb Code   102  port.o(i.xPortStartScheduler)
    xTaskCreate                              0x08005c51   Thumb Code    86  tasks.o(i.xTaskCreate)
    xTaskGetTickCount                        0x08005ca9   Thumb Code     6  tasks.o(i.xTaskGetTickCount)
    xTaskIncrementTick                       0x08005cb5   Thumb Code   192  tasks.o(i.xTaskIncrementTick)
    xTaskResumeAll                           0x08005d7d   Thumb Code   182  tasks.o(i.xTaskResumeAll)
    AHBPrescTable                            0x08005e40   Data          16  system_stm32f1xx.o(.constdata)
    APBPrescTable                            0x08005e50   Data           8  system_stm32f1xx.o(.constdata)
    flash_data_verify_str                    0x08005ea8   Data           9  lib_cali.o(.constdata)
    __ctype_categories                       0x08005ec8   Data          64  ctype_c.o(.constdata)
    Region$$Table$$Base                      0x080063a4   Number         0  anon$$obj.o(Region$$Table)
    Region$$Table$$Limit                     0x080063c4   Number         0  anon$$obj.o(Region$$Table)
    SystemCoreClock                          0x20000000   Data           4  system_stm32f1xx.o(.data)
    UART_RxCallback_Flag                     0x20000004   Data           1  task_uart.o(.data)
    Copyright                                0x20000008   Data          32  task_uart.o(.data)
    CmdBrief                                 0x20000028   Data          56  task_uart.o(.data)
    initTaskHandle                           0x20000060   Data           4  app_test_procedure.o(.data)
    vout_debug_flag_g                        0x20000064   Data           1  app_debug.o(.data)
    iwdgTaskHandle                           0x20000068   Data           4  app_debug.o(.data)
    uartTaskHandle                           0x2000006c   Data           4  app_debug.o(.data)
    psSetTaskHandle                          0x20000070   Data           4  app_debug.o(.data)
    arrUPPER_COM_RX_STA                      0x20000074   Data           2  bsp_uart.o(.data)
    g_current_zero_drift                     0x2000008c   Data           4  bsp_kingkong.o(.data)
    EagleBoardSelfCheckFlag                  0x20000090   Data           1  bsp_kingkong.o(.data)
    ad7124_regs                              0x20000098   Data         912  ad7124_regs.o(.data)
    uwTickFreq                               0x20000428   Data           1  stm32f1xx_hal.o(.data)
    uwTickPrio                               0x2000042c   Data           4  stm32f1xx_hal.o(.data)
    uwTick                                   0x20000430   Data           4  stm32f1xx_hal.o(.data)
    defaultTaskHandle                        0x20000434   Data           4  freertos.o(.data)
    pxCurrentTCB                             0x20000438   Data           4  tasks.o(.data)
    arrUPPER_COM_Buf                         0x2000049c   Data         128  bsp_uart.o(.bss)
    vol_get                                  0x2000051c   Data         120  bsp_kingkong.o(.bss)
    adc1                                     0x20000594   Data          20  bsp_kingkong.o(.bss)
    cali_g                                   0x200005a8   Data         348  bsp_kingkong.o(.bss)
    STMFLASH_BUF                             0x20000704   Data        2048  stm_flash.o(.bss)
    hcan                                     0x20000f04   Data          40  can.o(.bss)
    hdac                                     0x20000f2c   Data          20  dac.o(.bss)
    hspi3                                    0x20000f40   Data          88  spi.o(.bss)
    huart4                                   0x20000f98   Data          64  usart.o(.bss)
    huart5                                   0x20000fd8   Data          64  usart.o(.bss)
    huart1                                   0x20001018   Data          64  usart.o(.bss)
    huart2                                   0x20001058   Data          64  usart.o(.bss)
    huart3                                   0x20001098   Data          64  usart.o(.bss)
    htim6                                    0x200010d8   Data          64  stm32f1xx_hal_timebase_tim.o(.bss)
    __initial_sp                             0x20005208   Data           0  startup_stm32f103xe.o(STACK)



==============================================================================

Memory Map of the image

  Image Entry point : 0x08000131

  Load Region LR_IROM1 (Base: 0x08000000, Size: 0x00006860, Max: 0x00080000, ABSOLUTE, COMPRESSED[0x000064f4])

    Execution Region ER_IROM1 (Exec base: 0x08000000, Load base: 0x08000000, Size: 0x000063c4, Max: 0x00080000, ABSOLUTE)

    Exec Addr    Load Addr    Size         Type   Attr      Idx    E Section Name        Object

    0x08000000   0x08000000   0x00000130   Data   RO         1668    RESET               startup_stm32f103xe.o
    0x08000130   0x08000130   0x00000000   Code   RO         6184  * .ARM.Collect$$$$00000000  mc_w.l(entry.o)
    0x08000130   0x08000130   0x00000004   Code   RO         6245    .ARM.Collect$$$$00000001  mc_w.l(entry2.o)
    0x08000134   0x08000134   0x00000004   Code   RO         6248    .ARM.Collect$$$$00000004  mc_w.l(entry5.o)
    0x08000138   0x08000138   0x00000000   Code   RO         6250    .ARM.Collect$$$$00000008  mc_w.l(entry7b.o)
    0x08000138   0x08000138   0x00000000   Code   RO         6252    .ARM.Collect$$$$0000000A  mc_w.l(entry8b.o)
    0x08000138   0x08000138   0x00000008   Code   RO         6253    .ARM.Collect$$$$0000000B  mc_w.l(entry9a.o)
    0x08000140   0x08000140   0x00000000   Code   RO         6255    .ARM.Collect$$$$0000000D  mc_w.l(entry10a.o)
    0x08000140   0x08000140   0x00000000   Code   RO         6257    .ARM.Collect$$$$0000000F  mc_w.l(entry11a.o)
    0x08000140   0x08000140   0x00000004   Code   RO         6246    .ARM.Collect$$$$00002712  mc_w.l(entry2.o)
    0x08000144   0x08000144   0x00000096   Code   RO         6101    .emb_text           port.o
    0x080001da   0x080001da   0x00000002   PAD
    0x080001dc   0x080001dc   0x00000024   Code   RO         1669    .text               startup_stm32f103xe.o
    0x08000200   0x08000200   0x00000020   Code   RO         6187    .text               mc_w.l(llushr.o)
    0x08000220   0x08000220   0x00000024   Code   RO         6189    .text               mc_w.l(memcpya.o)
    0x08000244   0x08000244   0x00000024   Code   RO         6191    .text               mc_w.l(memseta.o)
    0x08000268   0x08000268   0x00000032   Code   RO         6195    .text               mc_w.l(strncasecmp.o)
    0x0800029a   0x0800029a   0x000000b0   Code   RO         6225    .text               mf_w.l(fadd.o)
    0x0800034a   0x0800034a   0x00000064   Code   RO         6227    .text               mf_w.l(fmul.o)
    0x080003ae   0x080003ae   0x0000007c   Code   RO         6229    .text               mf_w.l(fdiv.o)
    0x0800042a   0x0800042a   0x00000018   Code   RO         6231    .text               mf_w.l(fscalb.o)
    0x08000442   0x08000442   0x000000de   Code   RO         6233    .text               mf_w.l(ddiv.o)
    0x08000520   0x08000520   0x00000012   Code   RO         6235    .text               mf_w.l(fflti.o)
    0x08000532   0x08000532   0x00000028   Code   RO         6239    .text               mf_w.l(ffixui.o)
    0x0800055a   0x0800055a   0x00000026   Code   RO         6241    .text               mf_w.l(f2d.o)
    0x08000580   0x08000580   0x00000038   Code   RO         6243    .text               mf_w.l(d2f.o)
    0x080005b8   0x080005b8   0x0000002c   Code   RO         6262    .text               mc_w.l(uidiv.o)
    0x080005e4   0x080005e4   0x00000062   Code   RO         6264    .text               mc_w.l(uldiv.o)
    0x08000646   0x08000646   0x0000000c   Code   RO         6266    .text               mc_w.l(tolower.o)
    0x08000652   0x08000652   0x00000002   PAD
    0x08000654   0x08000654   0x0000009c   Code   RO         6275    .text               mc_w.l(strtod.o)
    0x080006f0   0x080006f0   0x00000000   Code   RO         6277    .text               mc_w.l(iusefp.o)
    0x080006f0   0x080006f0   0x0000006e   Code   RO         6278    .text               mf_w.l(fepilogue.o)
    0x0800075e   0x0800075e   0x000000ba   Code   RO         6280    .text               mf_w.l(depilogue.o)
    0x08000818   0x08000818   0x0000014e   Code   RO         6282    .text               mf_w.l(dadd.o)
    0x08000966   0x08000966   0x000000e4   Code   RO         6284    .text               mf_w.l(dmul.o)
    0x08000a4a   0x08000a4a   0x00000002   PAD
    0x08000a4c   0x08000a4c   0x00000088   Code   RO         6286    .text               mf_w.l(drnd.o)
    0x08000ad4   0x08000ad4   0x00000030   Code   RO         6288    .text               mf_w.l(dfixul.o)
    0x08000b04   0x08000b04   0x00000030   Code   RO         6290    .text               mf_w.l(cdcmple.o)
    0x08000b34   0x08000b34   0x00000030   Code   RO         6292    .text               mf_w.l(cdrcmple.o)
    0x08000b64   0x08000b64   0x00000024   Code   RO         6294    .text               mc_w.l(init.o)
    0x08000b88   0x08000b88   0x0000001e   Code   RO         6297    .text               mc_w.l(llshl.o)
    0x08000ba6   0x08000ba6   0x00000024   Code   RO         6299    .text               mc_w.l(llsshr.o)
    0x08000bca   0x08000bca   0x0000000a   Code   RO         6301    .text               mc_w.l(isspace_c.o)
    0x08000bd4   0x08000bd4   0x00000360   Code   RO         6303    .text               mc_w.l(scanf_fp.o)
    0x08000f34   0x08000f34   0x00000040   Code   RO         6307    .text               mc_w.l(_sgetc.o)
    0x08000f74   0x08000f74   0x00000028   Code   RO         6310    .text               mc_w.l(ctype_c.o)
    0x08000f9c   0x08000f9c   0x00000018   Code   RO         6313    .text               mf_w.l(dfltul.o)
    0x08000fb4   0x08000fb4   0x00000056   Code   RO         6323    .text               mc_w.l(__dczerorl2.o)
    0x0800100a   0x0800100a   0x00000002   PAD
    0x0800100c   0x0800100c   0x00000050   Code   RO          569    i.AD5683R_Wr24BitDat  bsp_ad5683r.o
    0x0800105c   0x0800105c   0x00000050   Code   RO          570    i.AD5683R_Write_Command  bsp_ad5683r.o
    0x080010ac   0x080010ac   0x00000038   Code   RO          572    i.AD5683R_Write_Value_H  bsp_ad5683r.o
    0x080010e4   0x080010e4   0x00000038   Code   RO          573    i.AD5683R_Write_Value_L  bsp_ad5683r.o
    0x0800111c   0x0800111c   0x00000036   Code   RO          845    i.AD7124_ComputeCRC8  ad7124.o
    0x08001152   0x08001152   0x00000002   PAD
    0x08001154   0x08001154   0x00000098   Code   RO          846    i.AD7124_GET_Code   ad7124.o
    0x080011ec   0x080011ec   0x000000ae   Code   RO          847    i.AD7124_NoCheckReadRegister  ad7124.o
    0x0800129a   0x0800129a   0x0000005c   Code   RO          848    i.AD7124_NoCheckWriteRegister  ad7124.o
    0x080012f6   0x080012f6   0x0000002a   Code   RO          850    i.AD7124_ReadRegister  ad7124.o
    0x08001320   0x08001320   0x00000034   Code   RO          851    i.AD7124_Reset      ad7124.o
    0x08001354   0x08001354   0x0000006e   Code   RO          852    i.AD7124_Setup      ad7124.o
    0x080013c2   0x080013c2   0x00000018   Code   RO          853    i.AD7124_UpdateCRCSetting  ad7124.o
    0x080013da   0x080013da   0x00000018   Code   RO          854    i.AD7124_UpdateDevSpiSettings  ad7124.o
    0x080013f2   0x080013f2   0x00000042   Code   RO          856    i.AD7124_WaitForSpiReady  ad7124.o
    0x08001434   0x08001434   0x0000003e   Code   RO          857    i.AD7124_WaitToPowerOn  ad7124.o
    0x08001472   0x08001472   0x00000030   Code   RO          858    i.AD7124_WriteRegister  ad7124.o
    0x080014a2   0x080014a2   0x00000002   Code   RO         4979    i.BusFault_Handler  stm32f1xx_it.o
    0x080014a4   0x080014a4   0x00000002   Code   RO         4980    i.DebugMon_Handler  stm32f1xx_it.o
    0x080014a6   0x080014a6   0x00000002   Code   RO         4614    i.Error_Handler     main.o
    0x080014a8   0x080014a8   0x00000064   Code   RO          697    i.ExtADC_Monitor    bsp_kingkong.o
    0x0800150c   0x0800150c   0x00000002   Code   RO         1504    i.HAL_BOOT_LOADER   bootloader.o
    0x0800150e   0x0800150e   0x0000011a   Code   RO         1726    i.HAL_CAN_Init      stm32f1xx_hal_can.o
    0x08001628   0x08001628   0x0000006c   Code   RO         4698    i.HAL_CAN_MspInit   can.o
    0x08001694   0x08001694   0x00000042   Code   RO         1949    i.HAL_DAC_ConfigChannel  stm32f1xx_hal_dac.o
    0x080016d6   0x080016d6   0x00000028   Code   RO         1957    i.HAL_DAC_Init      stm32f1xx_hal_dac.o
    0x080016fe   0x080016fe   0x00000002   PAD
    0x08001700   0x08001700   0x00000058   Code   RO         4740    i.HAL_DAC_MspInit   dac.o
    0x08001758   0x08001758   0x0000001a   Code   RO         1960    i.HAL_DAC_SetValue  stm32f1xx_hal_dac.o
    0x08001772   0x08001772   0x00000054   Code   RO         1961    i.HAL_DAC_Start     stm32f1xx_hal_dac.o
    0x080017c6   0x080017c6   0x00000002   PAD
    0x080017c8   0x080017c8   0x00000024   Code   RO         3730    i.HAL_Delay         stm32f1xx_hal.o
    0x080017ec   0x080017ec   0x000001e8   Code   RO         4026    i.HAL_GPIO_Init     stm32f1xx_hal_gpio.o
    0x080019d4   0x080019d4   0x0000000a   Code   RO         4028    i.HAL_GPIO_ReadPin  stm32f1xx_hal_gpio.o
    0x080019de   0x080019de   0x00000008   Code   RO         4029    i.HAL_GPIO_TogglePin  stm32f1xx_hal_gpio.o
    0x080019e6   0x080019e6   0x0000000a   Code   RO         4030    i.HAL_GPIO_WritePin  stm32f1xx_hal_gpio.o
    0x080019f0   0x080019f0   0x0000000c   Code   RO         3734    i.HAL_GetTick       stm32f1xx_hal.o
    0x080019fc   0x080019fc   0x00000010   Code   RO         3738    i.HAL_IncTick       stm32f1xx_hal.o
    0x08001a0c   0x08001a0c   0x00000024   Code   RO         3739    i.HAL_Init          stm32f1xx_hal.o
    0x08001a30   0x08001a30   0x00000074   Code   RO         5067    i.HAL_InitTick      stm32f1xx_hal_timebase_tim.o
    0x08001aa4   0x08001aa4   0x00000048   Code   RO         5043    i.HAL_MspInit       stm32f1xx_hal_msp.o
    0x08001aec   0x08001aec   0x00000016   Code   RO         4185    i.HAL_NVIC_DisableIRQ  stm32f1xx_hal_cortex.o
    0x08001b02   0x08001b02   0x00000016   Code   RO         4186    i.HAL_NVIC_EnableIRQ  stm32f1xx_hal_cortex.o
    0x08001b18   0x08001b18   0x00000040   Code   RO         4192    i.HAL_NVIC_SetPriority  stm32f1xx_hal_cortex.o
    0x08001b58   0x08001b58   0x00000024   Code   RO         4193    i.HAL_NVIC_SetPriorityGrouping  stm32f1xx_hal_cortex.o
    0x08001b7c   0x08001b7c   0x00000024   Code   RO         4194    i.HAL_NVIC_SystemReset  stm32f1xx_hal_cortex.o
    0x08001ba0   0x08001ba0   0x0000016c   Code   RO         3886    i.HAL_RCC_ClockConfig  stm32f1xx_hal_rcc.o
    0x08001d0c   0x08001d0c   0x00000040   Code   RO         3890    i.HAL_RCC_GetClockConfig  stm32f1xx_hal_rcc.o
    0x08001d4c   0x08001d4c   0x00000020   Code   RO         3893    i.HAL_RCC_GetPCLK1Freq  stm32f1xx_hal_rcc.o
    0x08001d6c   0x08001d6c   0x00000020   Code   RO         3894    i.HAL_RCC_GetPCLK2Freq  stm32f1xx_hal_rcc.o
    0x08001d8c   0x08001d8c   0x0000006c   Code   RO         3895    i.HAL_RCC_GetSysClockFreq  stm32f1xx_hal_rcc.o
    0x08001df8   0x08001df8   0x00000304   Code   RO         3898    i.HAL_RCC_OscConfig  stm32f1xx_hal_rcc.o
    0x080020fc   0x080020fc   0x00000082   Code   RO         2509    i.HAL_SPI_Init      stm32f1xx_hal_spi_ex.o
    0x0800217e   0x0800217e   0x00000002   PAD
    0x08002180   0x08002180   0x00000070   Code   RO         4871    i.HAL_SPI_MspInit   spi.o
    0x080021f0   0x080021f0   0x000001d8   Code   RO         2206    i.HAL_SPI_TransmitReceive  stm32f1xx_hal_spi.o
    0x080023c8   0x080023c8   0x00000002   Code   RO         3164    i.HAL_TIMEx_BreakCallback  stm32f1xx_hal_tim_ex.o
    0x080023ca   0x080023ca   0x00000002   Code   RO         3165    i.HAL_TIMEx_CommutationCallback  stm32f1xx_hal_tim_ex.o
    0x080023cc   0x080023cc   0x00000036   Code   RO         2535    i.HAL_TIM_Base_Init  stm32f1xx_hal_tim.o
    0x08002402   0x08002402   0x00000002   Code   RO         2537    i.HAL_TIM_Base_MspInit  stm32f1xx_hal_tim.o
    0x08002404   0x08002404   0x00000018   Code   RO         2540    i.HAL_TIM_Base_Start_IT  stm32f1xx_hal_tim.o
    0x0800241c   0x0800241c   0x00000002   Code   RO         2564    i.HAL_TIM_IC_CaptureCallback  stm32f1xx_hal_tim.o
    0x0800241e   0x0800241e   0x00000166   Code   RO         2577    i.HAL_TIM_IRQHandler  stm32f1xx_hal_tim.o
    0x08002584   0x08002584   0x00000002   Code   RO         2580    i.HAL_TIM_OC_DelayElapsedCallback  stm32f1xx_hal_tim.o
    0x08002586   0x08002586   0x00000002   Code   RO         2607    i.HAL_TIM_PWM_PulseFinishedCallback  stm32f1xx_hal_tim.o
    0x08002588   0x08002588   0x00000014   Code   RO         4615    i.HAL_TIM_PeriodElapsedCallback  main.o
    0x0800259c   0x0800259c   0x00000002   Code   RO         2618    i.HAL_TIM_TriggerCallback  stm32f1xx_hal_tim.o
    0x0800259e   0x0800259e   0x00000008   Code   RO          421    i.HAL_UART_All_Init  bsp_uart.o
    0x080025a6   0x080025a6   0x00000062   Code   RO         3422    i.HAL_UART_Init     stm32f1xx_hal_uart.o
    0x08002608   0x08002608   0x000001d0   Code   RO         4913    i.HAL_UART_MspInit  usart.o
    0x080027d8   0x080027d8   0x000000ba   Code   RO         3430    i.HAL_UART_Transmit  stm32f1xx_hal_uart.o
    0x08002892   0x08002892   0x00000002   Code   RO         4981    i.HardFault_Handler  stm32f1xx_it.o
    0x08002894   0x08002894   0x00000020   Code   RO          214    i.InitTask          app_test_procedure.o
    0x080028b4   0x080028b4   0x0000003c   Code   RO         4699    i.MX_CAN_Init       can.o
    0x080028f0   0x080028f0   0x0000003c   Code   RO         4741    i.MX_DAC_Init       dac.o
    0x0800292c   0x0800292c   0x0000002c   Code   RO         4781    i.MX_FREERTOS_Init  freertos.o
    0x08002958   0x08002958   0x0000020c   Code   RO         4673    i.MX_GPIO_Init      gpio.o
    0x08002b64   0x08002b64   0x00000048   Code   RO         4872    i.MX_SPI3_Init      spi.o
    0x08002bac   0x08002bac   0x00000038   Code   RO         4914    i.MX_UART4_Init     usart.o
    0x08002be4   0x08002be4   0x00000038   Code   RO         4915    i.MX_UART5_Init     usart.o
    0x08002c1c   0x08002c1c   0x00000038   Code   RO         4916    i.MX_USART1_UART_Init  usart.o
    0x08002c54   0x08002c54   0x00000038   Code   RO         4917    i.MX_USART2_UART_Init  usart.o
    0x08002c8c   0x08002c8c   0x00000038   Code   RO         4918    i.MX_USART3_UART_Init  usart.o
    0x08002cc4   0x08002cc4   0x00000002   Code   RO         4982    i.MemManage_Handler  stm32f1xx_it.o
    0x08002cc6   0x08002cc6   0x00000002   Code   RO         4983    i.NMI_Handler       stm32f1xx_it.o
    0x08002cc8   0x08002cc8   0x00000020   Code   RO         4199    i.NVIC_SetPriority  stm32f1xx_hal_cortex.o
    0x08002ce8   0x08002ce8   0x00000018   Code   RO          425    i.REG_UART1_Init    bsp_uart.o
    0x08002d00   0x08002d00   0x00000020   Code   RO         2221    i.SPI_CheckFlag_BSY  stm32f1xx_hal_spi.o
    0x08002d20   0x08002d20   0x0000004c   Code   RO          859    i.SPI_Read          ad7124.o
    0x08002d6c   0x08002d6c   0x00000096   Code   RO         2240    i.SPI_WaitFlagStateUntilTimeout  stm32f1xx_hal_spi.o
    0x08002e02   0x08002e02   0x00000002   PAD
    0x08002e04   0x08002e04   0x00000044   Code   RO          860    i.SPI_Write         ad7124.o
    0x08002e48   0x08002e48   0x00000040   Code   RO         1579    i.STMFLASH_ErasePage  stm_flash.o
    0x08002e88   0x08002e88   0x00000024   Code   RO         1580    i.STMFLASH_GetStatus  stm_flash.o
    0x08002eac   0x08002eac   0x00000010   Code   RO         1581    i.STMFLASH_Lock     stm_flash.o
    0x08002ebc   0x08002ebc   0x0000001a   Code   RO         1582    i.STMFLASH_Read     stm_flash.o
    0x08002ed6   0x08002ed6   0x00000002   PAD
    0x08002ed8   0x08002ed8   0x00000018   Code   RO         1584    i.STMFLASH_Unlock   stm_flash.o
    0x08002ef0   0x08002ef0   0x00000024   Code   RO         1585    i.STMFLASH_WaitDone  stm_flash.o
    0x08002f14   0x08002f14   0x000000c4   Code   RO         1586    i.STMFLASH_Write    stm_flash.o
    0x08002fd8   0x08002fd8   0x00000034   Code   RO         1587    i.STMFLASH_WriteHalfWord  stm_flash.o
    0x0800300c   0x0800300c   0x00000028   Code   RO         1589    i.STMFLASH_Write_NoCheck  stm_flash.o
    0x08003034   0x08003034   0x00000008   Code   RO         4782    i.StartDefaultTask  freertos.o
    0x0800303c   0x0800303c   0x0000002c   Code   RO         6102    i.SysTick_Handler   port.o
    0x08003068   0x08003068   0x00000060   Code   RO         4616    i.SystemClock_Config  main.o
    0x080030c8   0x080030c8   0x00000048   Code   RO            5    i.SystemInit        system_stm32f1xx.o
    0x08003110   0x08003110   0x0000000c   Code   RO         4984    i.TIM6_IRQHandler   stm32f1xx_it.o
    0x0800311c   0x0800311c   0x0000008c   Code   RO         2619    i.TIM_Base_SetConfig  stm32f1xx_hal_tim.o
    0x080031a8   0x080031a8   0x00000044   Code   RO          430    i.UART_Printf       bsp_uart.o
    0x080031ec   0x080031ec   0x00000170   Code   RO         3448    i.UART_SetConfig    stm32f1xx_hal_uart.o
    0x0800335c   0x0800335c   0x00000064   Code   RO         3450    i.UART_WaitOnFlagUntilTimeout  stm32f1xx_hal_uart.o
    0x080033c0   0x080033c0   0x0000006c   Code   RO          431    i.USART1_IRQHandler  bsp_uart.o
    0x0800342c   0x0800342c   0x00000002   Code   RO         4985    i.UsageFault_Handler  stm32f1xx_it.o
    0x0800342e   0x0800342e   0x00000002   PAD
    0x08003430   0x08003430   0x00000024   Code   RO         6204    i.__0vsprintf       mc_w.l(printfa.o)
    0x08003454   0x08003454   0x0000000c   Code   RO         6269    i.__read_errno      mc_w.l(errno.o)
    0x08003460   0x08003460   0x0000000e   Code   RO         6317    i.__scatterload_copy  mc_w.l(handlers.o)
    0x0800346e   0x0800346e   0x00000002   Code   RO         6318    i.__scatterload_null  mc_w.l(handlers.o)
    0x08003470   0x08003470   0x0000000e   Code   RO         6319    i.__scatterload_zeroinit  mc_w.l(handlers.o)
    0x0800347e   0x0800347e   0x00000002   PAD
    0x08003480   0x08003480   0x0000000c   Code   RO         6270    i.__set_errno       mc_w.l(errno.o)
    0x0800348c   0x0800348c   0x00000184   Code   RO         6205    i._fp_digits        mc_w.l(printfa.o)
    0x08003610   0x08003610   0x0000000e   Code   RO         6305    i._is_digit         mc_w.l(scanf_fp.o)
    0x0800361e   0x0800361e   0x00000002   PAD
    0x08003620   0x08003620   0x000006dc   Code   RO         6206    i._printf_core      mc_w.l(printfa.o)
    0x08003cfc   0x08003cfc   0x00000024   Code   RO         6207    i._printf_post_padding  mc_w.l(printfa.o)
    0x08003d20   0x08003d20   0x0000002e   Code   RO         6208    i._printf_pre_padding  mc_w.l(printfa.o)
    0x08003d4e   0x08003d4e   0x0000000a   Code   RO         6210    i._sputc            mc_w.l(printfa.o)
    0x08003d58   0x08003d58   0x00000006   Code   RO          575    i.ad5683r_init      bsp_ad5683r.o
    0x08003d5e   0x08003d5e   0x00000002   PAD
    0x08003d60   0x08003d60   0x00000064   Code   RO          576    i.ad5683r_set_volt  bsp_ad5683r.o
    0x08003dc4   0x08003dc4   0x0000002a   Code   RO         6179    i.atof              m_ws.l(atof.o)
    0x08003dee   0x08003dee   0x00000002   PAD
    0x08003df0   0x08003df0   0x00000170   Code   RO         1537    i.cali_init         lib_cali.o
    0x08003f60   0x08003f60   0x0000025c   Code   RO         1538    i.cali_read         lib_cali.o
    0x080041bc   0x080041bc   0x00000430   Code   RO         1539    i.cali_write        lib_cali.o
    0x080045ec   0x080045ec   0x0000003c   Code   RO          698    i.cur_out_get       bsp_kingkong.o
    0x08004628   0x08004628   0x00000002   Code   RO          699    i.force_config_read  bsp_kingkong.o
    0x0800462a   0x0800462a   0x00000002   Code   RO          700    i.force_get         bsp_kingkong.o
    0x0800462c   0x0800462c   0x0000002c   Code   RO          701    i.force_set         bsp_kingkong.o
    0x08004658   0x08004658   0x00000140   Code   RO          702    i.hardware_init     bsp_kingkong.o
    0x08004798   0x08004798   0x0000002c   Code   RO          215    i.initTaskThreadCreate  app_test_procedure.o
    0x080047c4   0x080047c4   0x0000002c   Code   RO          703    i.internal_dac_vol_set  bsp_kingkong.o
    0x080047f0   0x080047f0   0x0000002c   Code   RO          304    i.iwdgTaskThreadCreate  app_debug.o
    0x0800481c   0x0800481c   0x0000005c   Code   RO          305    i.iwdg_task         app_debug.o
    0x08004878   0x08004878   0x0000003e   Code   RO         4617    i.main              main.o
    0x080048b6   0x080048b6   0x0000000c   Code   RO         5670    i.makeFreeRtosPriority  cmsis_os.o
    0x080048c2   0x080048c2   0x00000016   Code   RO          704    i.mcu_soft_start    bsp_kingkong.o
    0x080048d8   0x080048d8   0x0000000e   Code   RO         5672    i.osDelay           cmsis_os.o
    0x080048e6   0x080048e6   0x0000000e   Code   RO         5673    i.osDelayUntil      cmsis_os.o
    0x080048f4   0x080048f4   0x0000000a   Code   RO         5675    i.osKernelStart     cmsis_os.o
    0x080048fe   0x080048fe   0x0000002e   Code   RO         5709    i.osThreadCreate    cmsis_os.o
    0x0800492c   0x0800492c   0x0000003c   Code   RO          705    i.output_config     bsp_kingkong.o
    0x08004968   0x08004968   0x00000070   Code   RO         5375    i.prvAddCurrentTaskToDelayedList  tasks.o
    0x080049d8   0x080049d8   0x000000d0   Code   RO         5376    i.prvAddNewTaskToReadyList  tasks.o
    0x08004aa8   0x08004aa8   0x00000050   Code   RO         5377    i.prvCheckTasksWaitingTermination  tasks.o
    0x08004af8   0x08004af8   0x00000014   Code   RO         5378    i.prvDeleteTCB      tasks.o
    0x08004b0c   0x08004b0c   0x0000004c   Code   RO         6040    i.prvHeapInit       heap_4.o
    0x08004b58   0x08004b58   0x00000028   Code   RO         5379    i.prvIdleTask       tasks.o
    0x08004b80   0x08004b80   0x0000008e   Code   RO         5380    i.prvInitialiseNewTask  tasks.o
    0x08004c0e   0x08004c0e   0x00000002   PAD
    0x08004c10   0x08004c10   0x0000004c   Code   RO         6041    i.prvInsertBlockIntoFreeList  heap_4.o
    0x08004c5c   0x08004c5c   0x00000020   Code   RO         5381    i.prvResetNextTaskUnblockTime  tasks.o
    0x08004c7c   0x08004c7c   0x00000028   Code   RO         6103    i.prvTaskExitError  port.o
    0x08004ca4   0x08004ca4   0x0000002c   Code   RO          306    i.psTaskThreadCreate  app_debug.o
    0x08004cd0   0x08004cd0   0x00000002   Code   RO          706    i.ps_error_read     bsp_kingkong.o
    0x08004cd2   0x08004cd2   0x00000002   PAD
    0x08004cd4   0x08004cd4   0x00000028   Code   RO          707    i.ps_force_signal   bsp_kingkong.o
    0x08004cfc   0x08004cfc   0x00000104   Code   RO          708    i.ps_handle_fun     bsp_kingkong.o
    0x08004e00   0x08004e00   0x00000028   Code   RO          307    i.ps_task           app_debug.o
    0x08004e28   0x08004e28   0x000000d8   Code   RO         6042    i.pvPortMalloc      heap_4.o
    0x08004f00   0x08004f00   0x00000024   Code   RO         6104    i.pxPortInitialiseStack  port.o
    0x08004f24   0x08004f24   0x000005f8   Code   RO          136    i.receive_data_handel  task_uart.o
    0x0800551c   0x0800551c   0x00000094   Code   RO         6182    i.round             m_ws.l(round.o)
    0x080055b0   0x080055b0   0x00000004   Code   RO          709    i.temperature_get   bsp_kingkong.o
    0x080055b4   0x080055b4   0x00000080   Code   RO          537    i.toggle_led_all    bsp_io.o
    0x08005634   0x08005634   0x0000002c   Code   RO          308    i.uartTaskThreadCreate  app_debug.o
    0x08005660   0x08005660   0x0000001a   Code   RO          309    i.uart_task         app_debug.o
    0x0800567a   0x0800567a   0x00000024   Code   RO         5198    i.uxListRemove      list.o
    0x0800569e   0x0800569e   0x00000016   Code   RO         5199    i.vListInitialise   list.o
    0x080056b4   0x080056b4   0x00000006   Code   RO         5200    i.vListInitialiseItem  list.o
    0x080056ba   0x080056ba   0x00000030   Code   RO         5201    i.vListInsert       list.o
    0x080056ea   0x080056ea   0x00000018   Code   RO         5202    i.vListInsertEnd    list.o
    0x08005702   0x08005702   0x00000002   PAD
    0x08005704   0x08005704   0x00000040   Code   RO         6106    i.vPortEnterCritical  port.o
    0x08005744   0x08005744   0x00000028   Code   RO         6107    i.vPortExitCritical  port.o
    0x0800576c   0x0800576c   0x0000005c   Code   RO         6043    i.vPortFree         heap_4.o
    0x080057c8   0x080057c8   0x00000020   Code   RO         6108    i.vPortSetupTimerInterrupt  port.o
    0x080057e8   0x080057e8   0x0000004c   Code   RO         5389    i.vTaskDelay        tasks.o
    0x08005834   0x08005834   0x0000008c   Code   RO         5390    i.vTaskDelayUntil   tasks.o
    0x080058c0   0x080058c0   0x000000ac   Code   RO         5391    i.vTaskDelete       tasks.o
    0x0800596c   0x0800596c   0x00000068   Code   RO         5401    i.vTaskStartScheduler  tasks.o
    0x080059d4   0x080059d4   0x00000010   Code   RO         5403    i.vTaskSuspendAll   tasks.o
    0x080059e4   0x080059e4   0x0000005c   Code   RO         5404    i.vTaskSwitchContext  tasks.o
    0x08005a40   0x08005a40   0x0000002c   Code   RO          710    i.v_in_get          bsp_kingkong.o
    0x08005a6c   0x08005a6c   0x0000002c   Code   RO          711    i.v_out_get         bsp_kingkong.o
    0x08005a98   0x08005a98   0x000000ac   Code   RO          712    i.vol_set           bsp_kingkong.o
    0x08005b44   0x08005b44   0x00000098   Code   RO          713    i.vol_set_s         bsp_kingkong.o
    0x08005bdc   0x08005bdc   0x00000074   Code   RO         6110    i.xPortStartScheduler  port.o
    0x08005c50   0x08005c50   0x00000056   Code   RO         5406    i.xTaskCreate       tasks.o
    0x08005ca6   0x08005ca6   0x00000002   PAD
    0x08005ca8   0x08005ca8   0x0000000c   Code   RO         5411    i.xTaskGetTickCount  tasks.o
    0x08005cb4   0x08005cb4   0x000000c8   Code   RO         5413    i.xTaskIncrementTick  tasks.o
    0x08005d7c   0x08005d7c   0x000000c4   Code   RO         5419    i.xTaskResumeAll    tasks.o
    0x08005e40   0x08005e40   0x00000010   Data   RO            6    .constdata          system_stm32f1xx.o
    0x08005e50   0x08005e50   0x00000008   Data   RO            7    .constdata          system_stm32f1xx.o
    0x08005e58   0x08005e58   0x00000014   Data   RO          216    .constdata          app_test_procedure.o
    0x08005e6c   0x08005e6c   0x0000003c   Data   RO          310    .constdata          app_debug.o
    0x08005ea8   0x08005ea8   0x00000009   Data   RO         1540    .constdata          lib_cali.o
    0x08005eb1   0x08005eb1   0x00000003   PAD
    0x08005eb4   0x08005eb4   0x00000014   Data   RO         4783    .constdata          freertos.o
    0x08005ec8   0x08005ec8   0x00000040   Data   RO         6311    .constdata          mc_w.l(ctype_c.o)
    0x08005f08   0x08005f08   0x0000045e   Data   RO          137    .conststring        task_uart.o
    0x08006366   0x08006366   0x00000002   PAD
    0x08006368   0x08006368   0x00000009   Data   RO          217    .conststring        app_test_procedure.o
    0x08006371   0x08006371   0x00000003   PAD
    0x08006374   0x08006374   0x00000021   Data   RO          311    .conststring        app_debug.o
    0x08006395   0x08006395   0x00000003   PAD
    0x08006398   0x08006398   0x0000000c   Data   RO         4784    .conststring        freertos.o
    0x080063a4   0x080063a4   0x00000020   Data   RO         6315    Region$$Table       anon$$obj.o


    Execution Region RW_IRAM1 (Exec base: 0x20000000, Load base: 0x080063c4, Size: 0x00005208, Max: 0x0000c000, ABSOLUTE, COMPRESSED[0x00000130])

    Exec Addr    Load Addr    Size         Type   Attr      Idx    E Section Name        Object

    0x20000000   COMPRESSED   0x00000004   Data   RW            8    .data               system_stm32f1xx.o
    0x20000004   COMPRESSED   0x0000005c   Data   RW          138    .data               task_uart.o
    0x20000060   COMPRESSED   0x00000004   Data   RW          218    .data               app_test_procedure.o
    0x20000064   COMPRESSED   0x00000010   Data   RW          312    .data               app_debug.o
    0x20000074   COMPRESSED   0x00000002   Data   RW          437    .data               bsp_uart.o
    0x20000076   COMPRESSED   0x00000002   PAD
    0x20000078   COMPRESSED   0x00000014   Data   RW          577    .data               bsp_ad5683r.o
    0x2000008c   COMPRESSED   0x00000004   Data   RW          715    .data               bsp_kingkong.o
    0x20000090   COMPRESSED   0x00000005   Data   RW          716    .data               bsp_kingkong.o
    0x20000095   COMPRESSED   0x00000003   PAD
    0x20000098   COMPRESSED   0x00000390   Data   RW          960    .data               ad7124_regs.o
    0x20000428   COMPRESSED   0x0000000c   Data   RW         3746    .data               stm32f1xx_hal.o
    0x20000434   COMPRESSED   0x00000004   Data   RW         4785    .data               freertos.o
    0x20000438   COMPRESSED   0x0000003c   Data   RW         5422    .data               tasks.o
    0x20000474   COMPRESSED   0x00000018   Data   RW         6048    .data               heap_4.o
    0x2000048c   COMPRESSED   0x0000000c   Data   RW         6111    .data               port.o
    0x20000498   COMPRESSED   0x00000004   Data   RW         6271    .data               mc_w.l(errno.o)
    0x2000049c        -       0x00000080   Zero   RW          432    .bss                bsp_uart.o
    0x2000051c        -       0x000001e8   Zero   RW          714    .bss                bsp_kingkong.o
    0x20000704        -       0x00000800   Zero   RW         1591    .bss                stm_flash.o
    0x20000f04        -       0x00000028   Zero   RW         4700    .bss                can.o
    0x20000f2c        -       0x00000014   Zero   RW         4742    .bss                dac.o
    0x20000f40        -       0x00000058   Zero   RW         4873    .bss                spi.o
    0x20000f98        -       0x00000140   Zero   RW         4919    .bss                usart.o
    0x200010d8        -       0x00000040   Zero   RW         5070    .bss                stm32f1xx_hal_timebase_tim.o
    0x20001118        -       0x000000f0   Zero   RW         5421    .bss                tasks.o
    0x20001208        -       0x00003c00   Zero   RW         6047    .bss                heap_4.o
    0x20004e08        -       0x00000400   Zero   RW         1666    STACK               startup_stm32f103xe.o


==============================================================================

Image component sizes


      Code (inc. data)   RO Data    RW Data    ZI Data      Debug   Object Name

      1044         40          0          0          0      18686   ad7124.o
         0          0          0        912          0        502   ad7124_regs.o
       290         48         93         16          0       4445   app_debug.o
        76         12         29          4          0      22447   app_test_procedure.o
         2          0          0          0          0        422   bootloader.o
       378         44          0         20          0       4065   bsp_ad5683r.o
       128          6          0          0          0        505   bsp_io.o
      1372        446          0          9        488      20606   bsp_kingkong.o
       208         22          0          2        128       3910   bsp_uart.o
       168         20          0          0         40       1607   can.o
        96          0          0          0          0      13352   cmsis_os.o
       148         22          0          0         20       1579   dac.o
         0          0          0          0          0       8100   event_groups.o
        52          8         32          4          0       5190   freertos.o
       524         24          0          0          0       1139   gpio.o
       460         24          0         24      15360       7275   heap_4.o
      2044       1122          9          0          0       3909   lib_cali.o
       136          0          0          0          0       3418   list.o
       180          6          0          0          0       2476   main.o
       522         62          0         12          0      10224   port.o
         0          0          0          0          0       1508   segger_rtt_printf.o
       184         24          0          0         88       1621   spi.o
        36          8        304          0       1024        772   startup_stm32f103xe.o
       100         18          0         12          0       5874   stm32f1xx_hal.o
       282          0          0          0          0       1327   stm32f1xx_hal_can.o
       212         24          0          0          0      26251   stm32f1xx_hal_cortex.o
       216          0          0          0          0       3310   stm32f1xx_hal_dac.o
       516         42          0          0          0       4100   stm32f1xx_hal_gpio.o
        72         10          0          0          0        850   stm32f1xx_hal_msp.o
      1372        108          0          0          0       5861   stm32f1xx_hal_rcc.o
       654          0          0          0          0       3622   stm32f1xx_hal_spi.o
       130          0          0          0          0       1071   stm32f1xx_hal_spi_ex.o
       586         20          0          0          0       6778   stm32f1xx_hal_tim.o
         4          0          0          0          0       1562   stm32f1xx_hal_tim_ex.o
       116         16          0          0         64       1403   stm32f1xx_hal_timebase_tim.o
       752          4          0          0          0       3924   stm32f1xx_hal_uart.o
        24          6          0          0          0       2975   stm32f1xx_it.o
       490         34          0          0       2048       6478   stm_flash.o
        72         16         24          4          0     494979   system_stm32f1xx.o
      1528        642       1118         92          0       4173   task_uart.o
      1728        144          0         60        240      17522   tasks.o
       744         86          0          0        320       4302   usart.o

    ----------------------------------------------------------------------
     17672       3108       1652       1176      19820     734120   Object Totals
         0          0         32          0          0          0   (incl. Generated)
        26          0         11          5          0          0   (incl. Padding)

    ----------------------------------------------------------------------

      Code (inc. data)   RO Data    RW Data    ZI Data      Debug   Library Member Name

        42          0          0          0          0         84   atof.o
       148         12          0          0          0         88   round.o
        86          0          0          0          0          0   __dczerorl2.o
        64          0          0          0          0         84   _sgetc.o
        40          6         64          0          0         68   ctype_c.o
         0          0          0          0          0          0   entry.o
         0          0          0          0          0          0   entry10a.o
         0          0          0          0          0          0   entry11a.o
         8          4          0          0          0          0   entry2.o
         4          0          0          0          0          0   entry5.o
         0          0          0          0          0          0   entry7b.o
         0          0          0          0          0          0   entry8b.o
         8          4          0          0          0          0   entry9a.o
        24         12          0          4          0        136   errno.o
        30          0          0          0          0          0   handlers.o
        36          8          0          0          0         68   init.o
        10          0          0          0          0         68   isspace_c.o
         0          0          0          0          0          0   iusefp.o
        30          0          0          0          0         68   llshl.o
        36          0          0          0          0         68   llsshr.o
        32          0          0          0          0         68   llushr.o
        36          0          0          0          0         68   memcpya.o
        36          0          0          0          0        108   memseta.o
      2272         86          0          0          0        516   printfa.o
       878         12          0          0          0        216   scanf_fp.o
        50          0          0          0          0         84   strncasecmp.o
       156         12          0          0          0        120   strtod.o
        12          0          0          0          0         68   tolower.o
        44          0          0          0          0         80   uidiv.o
        98          0          0          0          0         92   uldiv.o
        48          0          0          0          0         68   cdcmple.o
        48          0          0          0          0         68   cdrcmple.o
        56          0          0          0          0         88   d2f.o
       334          0          0          0          0        148   dadd.o
       222          0          0          0          0        100   ddiv.o
       186          0          0          0          0        176   depilogue.o
        48          0          0          0          0         68   dfixul.o
        24          0          0          0          0         76   dfltul.o
       228          0          0          0          0         96   dmul.o
       136          4          0          0          0         92   drnd.o
        38          0          0          0          0         68   f2d.o
       176          0          0          0          0        140   fadd.o
       124          0          0          0          0         88   fdiv.o
       110          0          0          0          0        168   fepilogue.o
        40          0          0          0          0         68   ffixui.o
        18          0          0          0          0         68   fflti.o
       100          0          0          0          0         76   fmul.o
        24          0          0          0          0         68   fscalb.o

    ----------------------------------------------------------------------
      6152        160         64          4          0       3876   Library Totals
        12          0          0          0          0          0   (incl. Padding)

    ----------------------------------------------------------------------

      Code (inc. data)   RO Data    RW Data    ZI Data      Debug   Library Name

       190         12          0          0          0        172   m_ws.l
      3990        144         64          4          0       1980   mc_w.l
      1960          4          0          0          0       1724   mf_w.l

    ----------------------------------------------------------------------
      6152        160         64          4          0       3876   Library Totals

    ----------------------------------------------------------------------

==============================================================================


      Code (inc. data)   RO Data    RW Data    ZI Data      Debug   

     23824       3268       1716       1180      19820     727100   Grand Totals
     23824       3268       1716        304      19820     727100   ELF Image Totals (compressed)
     23824       3268       1716        304          0          0   ROM Totals

==============================================================================

    Total RO  Size (Code + RO Data)                25540 (  24.94kB)
    Total RW  Size (RW Data + ZI Data)             21000 (  20.51kB)
    Total ROM Size (Code + RO Data + RW Data)      25844 (  25.24kB)

==============================================================================

